injector_server: _build/default/contrib/octez_injector_server/octez_injector_server.exe
dal_echo_kernel: dal_echo_kernel.wasm
debug_kernel: etherlink/kernel_evm/kernel/tests/resources/debug_kernel.wasm
failed_migration: etherlink/kernel_evm/kernel/tests/resources/failed_migration.wasm
ghostnet_evm_kernel: etherlink/kernel_evm/kernel/tests/resources/ghostnet_evm_kernel.wasm
evm_kernel: evm_kernel.wasm
accuser_proxford: octez-accuser-Proxford
accuser_psparisc: octez-accuser-PsParisC
accuser_ptparisb: octez-accuser-PtParisB
accuser_alpha: octez-accuser-alpha
admin_client: octez-admin-client
baker_proxford: octez-baker-Proxford
baker_psparisc: octez-baker-PsParisC
baker_ptparisb: octez-baker-PtParisB
baker_alpha: octez-baker-alpha
client: octez-client
codec: octez-codec
dac_client: octez-dac-client
dac_node: octez-dac-node
dal_node: octez-dal-node
evm_node: octez-evm-node
node: octez-node
protocol_compiler: octez-protocol-compiler
proxy_server: octez-proxy-server
signer: octez-signer
smart_rollup_node: octez-smart-rollup-node
wasm_debugger: octez-smart-rollup-wasm-debugger
snoop: octez-snoop
smart_rollup_installer: smart-rollup-installer
echo: src/proto_alpha/lib_protocol/test/integration/wasm_kernel/echo.wasm
risc_v_sandbox: src/risc_v
risc_v_sandbox: src/risc_v/risc-v-sandbox
risc_v_sandbox: tezt/tests/riscv-tests/generated
tx_kernel: tx_kernel.wasm
tx_kernel_dal: tx_kernel_dal.wasm
