
./mavkit-client rpc get /chains/main/blocks/head/votes/ballot_list
[]

./mavkit-client rpc get /chains/main/blocks/head/votes/ballots
{ "yay": "0", "nay": "0", "pass": "0" }

./mavkit-client rpc get /chains/main/blocks/head/votes/current_period
{ "voting_period": { "index": 0, "kind": "proposal", "start_position": 0 },
  "position": 2, "remaining": 1 }

./mavkit-client rpc get /chains/main/blocks/head/votes/current_proposal
null

./mavkit-client rpc get /chains/main/blocks/head/votes/current_quorum
5500

./mavkit-client rpc get /chains/main/blocks/head/votes/listings
[ { "pkh": "[PUBLIC_KEY_HASH]",
    "voting_power": "4000000000000" },
  { "pkh": "[PUBLIC_KEY_HASH]",
    "voting_power": "4000000000000" },
  { "pkh": "[PUBLIC_KEY_HASH]",
    "voting_power": "4000000000000" },
  { "pkh": "[PUBLIC_KEY_HASH]",
    "voting_power": "4000000000000" },
  { "pkh": "[PUBLIC_KEY_HASH]",
    "voting_power": "4000000000000" } ]

./mavkit-client rpc get /chains/main/blocks/head/votes/proposals
[ [ "ProtoDemoNoopsDemoNoopsDemoNoopsDemoNoopsDemo6XBoYp", "4000000000000" ] ]

./mavkit-client rpc get /chains/main/blocks/head/votes/successor_period
{ "voting_period": { "index": 0, "kind": "proposal", "start_position": 0 },
  "position": 3, "remaining": 0 }

./mavkit-client rpc get /chains/main/blocks/head/votes/total_voting_power
"20000000000000"

./mavkit-client rpc get /chains/main/blocks/head/votes/ballot_list
[ { "pkh": "[PUBLIC_KEY_HASH]", "ballot": "nay" },
  { "pkh": "[PUBLIC_KEY_HASH]", "ballot": "pass" },
  { "pkh": "[PUBLIC_KEY_HASH]", "ballot": "yay" } ]

./mavkit-client rpc get /chains/main/blocks/head/votes/ballots
{ "yay": "4000001679643", "nay": "4000000000000", "pass": "4000000000000" }

./mavkit-client rpc get /chains/main/blocks/head/votes/current_period
{ "voting_period": { "index": 1, "kind": "exploration", "start_position": 4 },
  "position": 1, "remaining": 2 }

./mavkit-client rpc get /chains/main/blocks/head/votes/current_proposal
"ProtoDemoNoopsDemoNoopsDemoNoopsDemoNoopsDemo6XBoYp"

./mavkit-client rpc get /chains/main/blocks/head/votes/current_quorum
5500

./mavkit-client rpc get /chains/main/blocks/head/votes/listings
[ { "pkh": "[PUBLIC_KEY_HASH]",
    "voting_power": "4000000000000" },
  { "pkh": "[PUBLIC_KEY_HASH]",
    "voting_power": "4000000000000" },
  { "pkh": "[PUBLIC_KEY_HASH]",
    "voting_power": "4000000000000" },
  { "pkh": "[PUBLIC_KEY_HASH]",
    "voting_power": "4000000000000" },
  { "pkh": "[PUBLIC_KEY_HASH]",
    "voting_power": "4000001679643" } ]

./mavkit-client rpc get /chains/main/blocks/head/votes/proposals
[]

./mavkit-client rpc get /chains/main/blocks/head/votes/successor_period
{ "voting_period": { "index": 1, "kind": "exploration", "start_position": 4 },
  "position": 2, "remaining": 1 }

./mavkit-client rpc get /chains/main/blocks/head/votes/total_voting_power
"20000001679643"
