
./mavkit-client --media-type json rpc get /chains/main/blocks/head/header/shell
{ "level": 0, "proto": 0,
  "predecessor": "[BLOCK_HASH]",
  "timestamp": "[TIMESTAMP]", "validation_pass": 0,
  "operations_hash": "LLoZS2LW3rEi7KYU4ouBQtorua37aWWCtpDmv1n2x3xoKi6sVXLWp",
  "fitness": [],
  "context": "[CONTEXT_HASH]" }

./mavkit-client --media-type binary rpc get /chains/main/blocks/head/header/shell
00000000008fcf233671b6a04fcf679d2a381c2544ea6c1ea29ba6157776ed8424c7ccd00b000000005b37aac4000e5751c026e543b2e8ab2eb06099daa1d1e5df47778f7787faab45cdf12fe3a8000000001a42dce9c98f041d0358fd744c1258d9f583a625cbaf0316edd511ffa0643334
