
trace
  - DUP (interp) @ location: 11
    [ (Pair "mv1PVMnW8iyYxCoqLfPAha8EAPRxjTx7wqbn"
            "[TIMESTAMP]"
            50000000
            "mv1TxMEnmav51G1Hwcib1rBnBeniDMgG8nkJ") ]
  - DUP (entry) @ location: 11
    [ (Pair "mv1PVMnW8iyYxCoqLfPAha8EAPRxjTx7wqbn"
            "[TIMESTAMP]"
            50000000
            "mv1TxMEnmav51G1Hwcib1rBnBeniDMgG8nkJ") ]
    - log/CDR (exit) @ location: 11
      [ (Pair "mv1PVMnW8iyYxCoqLfPAha8EAPRxjTx7wqbn"
              "[TIMESTAMP]"
              50000000
              "mv1TxMEnmav51G1Hwcib1rBnBeniDMgG8nkJ")
        (Pair "mv1PVMnW8iyYxCoqLfPAha8EAPRxjTx7wqbn"
              "[TIMESTAMP]"
              50000000
              "mv1TxMEnmav51G1Hwcib1rBnBeniDMgG8nkJ") ]
  - CDR (entry) @ location: 13
    [ (Pair "mv1PVMnW8iyYxCoqLfPAha8EAPRxjTx7wqbn"
            "[TIMESTAMP]"
            50000000
            "mv1TxMEnmav51G1Hwcib1rBnBeniDMgG8nkJ")
      (Pair "mv1PVMnW8iyYxCoqLfPAha8EAPRxjTx7wqbn"
            "[TIMESTAMP]"
            50000000
            "mv1TxMEnmav51G1Hwcib1rBnBeniDMgG8nkJ") ]
    - log/CAR (exit) @ location: 13
      [ (Pair "[TIMESTAMP]" 50000000 "mv1TxMEnmav51G1Hwcib1rBnBeniDMgG8nkJ")
        (Pair "mv1PVMnW8iyYxCoqLfPAha8EAPRxjTx7wqbn"
              "[TIMESTAMP]"
              50000000
              "mv1TxMEnmav51G1Hwcib1rBnBeniDMgG8nkJ") ]
  - CAR (entry) @ location: 14
    [ (Pair "[TIMESTAMP]" 50000000 "mv1TxMEnmav51G1Hwcib1rBnBeniDMgG8nkJ")
      (Pair "mv1PVMnW8iyYxCoqLfPAha8EAPRxjTx7wqbn"
            "[TIMESTAMP]"
            50000000
            "mv1TxMEnmav51G1Hwcib1rBnBeniDMgG8nkJ") ]
    - log/DUP (exit) @ location: 14
      [ "[TIMESTAMP]"
        (Pair "mv1PVMnW8iyYxCoqLfPAha8EAPRxjTx7wqbn"
              "[TIMESTAMP]"
              50000000
              "mv1TxMEnmav51G1Hwcib1rBnBeniDMgG8nkJ") ]
  - DUP (entry) @ location: 15
    [ "[TIMESTAMP]"
      (Pair "mv1PVMnW8iyYxCoqLfPAha8EAPRxjTx7wqbn"
            "[TIMESTAMP]"
            50000000
            "mv1TxMEnmav51G1Hwcib1rBnBeniDMgG8nkJ") ]
    - log/NOW (exit) @ location: 15
      [ "[TIMESTAMP]"
        "[TIMESTAMP]"
        (Pair "mv1PVMnW8iyYxCoqLfPAha8EAPRxjTx7wqbn"
              "[TIMESTAMP]"
              50000000
              "mv1TxMEnmav51G1Hwcib1rBnBeniDMgG8nkJ") ]
  - NOW (entry) @ location: 16
    [ "[TIMESTAMP]"
      "[TIMESTAMP]"
      (Pair "mv1PVMnW8iyYxCoqLfPAha8EAPRxjTx7wqbn"
            "[TIMESTAMP]"
            50000000
            "mv1TxMEnmav51G1Hwcib1rBnBeniDMgG8nkJ") ]
    - log/COMPARE (exit) @ location: 16
      [ "[TIMESTAMP]"
        "[TIMESTAMP]"
        "[TIMESTAMP]"
        (Pair "mv1PVMnW8iyYxCoqLfPAha8EAPRxjTx7wqbn"
              "[TIMESTAMP]"
              50000000
              "mv1TxMEnmav51G1Hwcib1rBnBeniDMgG8nkJ") ]
  - COMPARE (entry) @ location: 18
    [ "[TIMESTAMP]"
      "[TIMESTAMP]"
      "[TIMESTAMP]"
      (Pair "mv1PVMnW8iyYxCoqLfPAha8EAPRxjTx7wqbn"
            "[TIMESTAMP]"
            50000000
            "mv1TxMEnmav51G1Hwcib1rBnBeniDMgG8nkJ") ]
    - log/GT (exit) @ location: 18
      [ -1
        "[TIMESTAMP]"
        (Pair "mv1PVMnW8iyYxCoqLfPAha8EAPRxjTx7wqbn"
              "[TIMESTAMP]"
              50000000
              "mv1TxMEnmav51G1Hwcib1rBnBeniDMgG8nkJ") ]
  - GT (entry) @ location: 19
    [ -1
      "[TIMESTAMP]"
      (Pair "mv1PVMnW8iyYxCoqLfPAha8EAPRxjTx7wqbn"
            "[TIMESTAMP]"
            50000000
            "mv1TxMEnmav51G1Hwcib1rBnBeniDMgG8nkJ") ]
    - log/IF (exit) @ location: 19
      [ False
        "[TIMESTAMP]"
        (Pair "mv1PVMnW8iyYxCoqLfPAha8EAPRxjTx7wqbn"
              "[TIMESTAMP]"
              50000000
              "mv1TxMEnmav51G1Hwcib1rBnBeniDMgG8nkJ") ]
  - IF (entry) @ location: 20
    [ False
      "[TIMESTAMP]"
      (Pair "mv1PVMnW8iyYxCoqLfPAha8EAPRxjTx7wqbn"
            "[TIMESTAMP]"
            50000000
            "mv1TxMEnmav51G1Hwcib1rBnBeniDMgG8nkJ") ]
    - log/[halt] (exit) @ location: 20
      [ "[TIMESTAMP]"
        (Pair "mv1PVMnW8iyYxCoqLfPAha8EAPRxjTx7wqbn"
              "[TIMESTAMP]"
              50000000
              "mv1TxMEnmav51G1Hwcib1rBnBeniDMgG8nkJ") ]
  - [halt] (entry) @ location: 26
    [ "[TIMESTAMP]"
      (Pair "mv1PVMnW8iyYxCoqLfPAha8EAPRxjTx7wqbn"
            "[TIMESTAMP]"
            50000000
            "mv1TxMEnmav51G1Hwcib1rBnBeniDMgG8nkJ") ]
    - control: KCons
    - log/SWAP (exit) @ location: 20
      [ "[TIMESTAMP]"
        (Pair "mv1PVMnW8iyYxCoqLfPAha8EAPRxjTx7wqbn"
              "[TIMESTAMP]"
              50000000
              "mv1TxMEnmav51G1Hwcib1rBnBeniDMgG8nkJ") ]
  - SWAP (entry) @ location: 26
    [ "[TIMESTAMP]"
      (Pair "mv1PVMnW8iyYxCoqLfPAha8EAPRxjTx7wqbn"
            "[TIMESTAMP]"
            50000000
            "mv1TxMEnmav51G1Hwcib1rBnBeniDMgG8nkJ") ]
    - log/DUP (exit) @ location: 26
      [ (Pair "mv1PVMnW8iyYxCoqLfPAha8EAPRxjTx7wqbn"
              "[TIMESTAMP]"
              50000000
              "mv1TxMEnmav51G1Hwcib1rBnBeniDMgG8nkJ")
        "[TIMESTAMP]" ]
  - DUP (entry) @ location: 27
    [ (Pair "mv1PVMnW8iyYxCoqLfPAha8EAPRxjTx7wqbn"
            "[TIMESTAMP]"
            50000000
            "mv1TxMEnmav51G1Hwcib1rBnBeniDMgG8nkJ")
      "[TIMESTAMP]" ]
    - log/CAR (exit) @ location: 27
      [ (Pair "mv1PVMnW8iyYxCoqLfPAha8EAPRxjTx7wqbn"
              "[TIMESTAMP]"
              50000000
              "mv1TxMEnmav51G1Hwcib1rBnBeniDMgG8nkJ")
        (Pair "mv1PVMnW8iyYxCoqLfPAha8EAPRxjTx7wqbn"
              "[TIMESTAMP]"
              50000000
              "mv1TxMEnmav51G1Hwcib1rBnBeniDMgG8nkJ")
        "[TIMESTAMP]" ]
  - CAR (entry) @ location: 28
    [ (Pair "mv1PVMnW8iyYxCoqLfPAha8EAPRxjTx7wqbn"
            "[TIMESTAMP]"
            50000000
            "mv1TxMEnmav51G1Hwcib1rBnBeniDMgG8nkJ")
      (Pair "mv1PVMnW8iyYxCoqLfPAha8EAPRxjTx7wqbn"
            "[TIMESTAMP]"
            50000000
            "mv1TxMEnmav51G1Hwcib1rBnBeniDMgG8nkJ")
      "[TIMESTAMP]" ]
    - log/DIP (exit) @ location: 28
      [ "mv1PVMnW8iyYxCoqLfPAha8EAPRxjTx7wqbn"
        (Pair "mv1PVMnW8iyYxCoqLfPAha8EAPRxjTx7wqbn"
              "[TIMESTAMP]"
              50000000
              "mv1TxMEnmav51G1Hwcib1rBnBeniDMgG8nkJ")
        "[TIMESTAMP]" ]
  - DIP (entry) @ location: 29
    [ "mv1PVMnW8iyYxCoqLfPAha8EAPRxjTx7wqbn"
      (Pair "mv1PVMnW8iyYxCoqLfPAha8EAPRxjTx7wqbn"
            "[TIMESTAMP]"
            50000000
            "mv1TxMEnmav51G1Hwcib1rBnBeniDMgG8nkJ")
      "[TIMESTAMP]" ]
    - log/CDR (exit) @ location: 29
      [ (Pair "mv1PVMnW8iyYxCoqLfPAha8EAPRxjTx7wqbn"
              "[TIMESTAMP]"
              50000000
              "mv1TxMEnmav51G1Hwcib1rBnBeniDMgG8nkJ")
        "[TIMESTAMP]" ]
  - CDR (entry) @ location: 32
    [ (Pair "mv1PVMnW8iyYxCoqLfPAha8EAPRxjTx7wqbn"
            "[TIMESTAMP]"
            50000000
            "mv1TxMEnmav51G1Hwcib1rBnBeniDMgG8nkJ")
      "[TIMESTAMP]" ]
    - log/CDR (exit) @ location: 32
      [ (Pair "[TIMESTAMP]" 50000000 "mv1TxMEnmav51G1Hwcib1rBnBeniDMgG8nkJ")
        "[TIMESTAMP]" ]
  - CDR (entry) @ location: 33
    [ (Pair "[TIMESTAMP]" 50000000 "mv1TxMEnmav51G1Hwcib1rBnBeniDMgG8nkJ")
      "[TIMESTAMP]" ]
    - log/[halt] (exit) @ location: 33
      [ (Pair 50000000 "mv1TxMEnmav51G1Hwcib1rBnBeniDMgG8nkJ")
        "[TIMESTAMP]" ]
  - [halt] (entry) @ location: 31
    [ (Pair 50000000 "mv1TxMEnmav51G1Hwcib1rBnBeniDMgG8nkJ")
      "[TIMESTAMP]" ]
    - control: KUndip
    - control: KCons
    - log/AMOUNT (exit) @ location: 29
      [ "mv1PVMnW8iyYxCoqLfPAha8EAPRxjTx7wqbn"
        (Pair 50000000 "mv1TxMEnmav51G1Hwcib1rBnBeniDMgG8nkJ")
        "[TIMESTAMP]" ]
  - AMOUNT (entry) @ location: 34
    [ "mv1PVMnW8iyYxCoqLfPAha8EAPRxjTx7wqbn"
      (Pair 50000000 "mv1TxMEnmav51G1Hwcib1rBnBeniDMgG8nkJ")
      "[TIMESTAMP]" ]
    - log/PAIR (exit) @ location: 34
      [ 100000000
        "mv1PVMnW8iyYxCoqLfPAha8EAPRxjTx7wqbn"
        (Pair 50000000 "mv1TxMEnmav51G1Hwcib1rBnBeniDMgG8nkJ")
        "[TIMESTAMP]" ]
  - PAIR (entry) @ location: 35
    [ 100000000
      "mv1PVMnW8iyYxCoqLfPAha8EAPRxjTx7wqbn"
      (Pair 50000000 "mv1TxMEnmav51G1Hwcib1rBnBeniDMgG8nkJ")
      "[TIMESTAMP]" ]
    - log/SWAP (exit) @ location: 35
      [ (Pair 100000000 "mv1PVMnW8iyYxCoqLfPAha8EAPRxjTx7wqbn")
        (Pair 50000000 "mv1TxMEnmav51G1Hwcib1rBnBeniDMgG8nkJ")
        "[TIMESTAMP]" ]
  - SWAP (entry) @ location: 36
    [ (Pair 100000000 "mv1PVMnW8iyYxCoqLfPAha8EAPRxjTx7wqbn")
      (Pair 50000000 "mv1TxMEnmav51G1Hwcib1rBnBeniDMgG8nkJ")
      "[TIMESTAMP]" ]
    - log/DIP (exit) @ location: 36
      [ (Pair 50000000 "mv1TxMEnmav51G1Hwcib1rBnBeniDMgG8nkJ")
        (Pair 100000000 "mv1PVMnW8iyYxCoqLfPAha8EAPRxjTx7wqbn")
        "[TIMESTAMP]" ]
  - DIP (entry) @ location: 37
    [ (Pair 50000000 "mv1TxMEnmav51G1Hwcib1rBnBeniDMgG8nkJ")
      (Pair 100000000 "mv1PVMnW8iyYxCoqLfPAha8EAPRxjTx7wqbn")
      "[TIMESTAMP]" ]
    - log/SWAP (exit) @ location: 37
      [ (Pair 100000000 "mv1PVMnW8iyYxCoqLfPAha8EAPRxjTx7wqbn")
        "[TIMESTAMP]" ]
  - SWAP (entry) @ location: 39
    [ (Pair 100000000 "mv1PVMnW8iyYxCoqLfPAha8EAPRxjTx7wqbn")
      "[TIMESTAMP]" ]
    - log/PAIR (exit) @ location: 39
      [ "[TIMESTAMP]"
        (Pair 100000000 "mv1PVMnW8iyYxCoqLfPAha8EAPRxjTx7wqbn") ]
  - PAIR (entry) @ location: 40
    [ "[TIMESTAMP]"
      (Pair 100000000 "mv1PVMnW8iyYxCoqLfPAha8EAPRxjTx7wqbn") ]
    - log/[halt] (exit) @ location: 40
      [ (Pair "[TIMESTAMP]" 100000000 "mv1PVMnW8iyYxCoqLfPAha8EAPRxjTx7wqbn") ]
  - [halt] (entry) @ location: 38
    [ (Pair "[TIMESTAMP]" 100000000 "mv1PVMnW8iyYxCoqLfPAha8EAPRxjTx7wqbn") ]
    - control: KUndip
    - control: KCons
    - log/DUP (exit) @ location: 37
      [ (Pair 50000000 "mv1TxMEnmav51G1Hwcib1rBnBeniDMgG8nkJ")
        (Pair "[TIMESTAMP]" 100000000 "mv1PVMnW8iyYxCoqLfPAha8EAPRxjTx7wqbn") ]
  - DUP (entry) @ location: 41
    [ (Pair 50000000 "mv1TxMEnmav51G1Hwcib1rBnBeniDMgG8nkJ")
      (Pair "[TIMESTAMP]" 100000000 "mv1PVMnW8iyYxCoqLfPAha8EAPRxjTx7wqbn") ]
    - log/CAR (exit) @ location: 41
      [ (Pair 50000000 "mv1TxMEnmav51G1Hwcib1rBnBeniDMgG8nkJ")
        (Pair 50000000 "mv1TxMEnmav51G1Hwcib1rBnBeniDMgG8nkJ")
        (Pair "[TIMESTAMP]" 100000000 "mv1PVMnW8iyYxCoqLfPAha8EAPRxjTx7wqbn") ]
  - CAR (entry) @ location: 42
    [ (Pair 50000000 "mv1TxMEnmav51G1Hwcib1rBnBeniDMgG8nkJ")
      (Pair 50000000 "mv1TxMEnmav51G1Hwcib1rBnBeniDMgG8nkJ")
      (Pair "[TIMESTAMP]" 100000000 "mv1PVMnW8iyYxCoqLfPAha8EAPRxjTx7wqbn") ]
    - log/AMOUNT (exit) @ location: 42
      [ 50000000
        (Pair 50000000 "mv1TxMEnmav51G1Hwcib1rBnBeniDMgG8nkJ")
        (Pair "[TIMESTAMP]" 100000000 "mv1PVMnW8iyYxCoqLfPAha8EAPRxjTx7wqbn") ]
  - AMOUNT (entry) @ location: 43
    [ 50000000
      (Pair 50000000 "mv1TxMEnmav51G1Hwcib1rBnBeniDMgG8nkJ")
      (Pair "[TIMESTAMP]" 100000000 "mv1PVMnW8iyYxCoqLfPAha8EAPRxjTx7wqbn") ]
    - log/COMPARE (exit) @ location: 43
      [ 100000000
        50000000
        (Pair 50000000 "mv1TxMEnmav51G1Hwcib1rBnBeniDMgG8nkJ")
        (Pair "[TIMESTAMP]" 100000000 "mv1PVMnW8iyYxCoqLfPAha8EAPRxjTx7wqbn") ]
  - COMPARE (entry) @ location: 45
    [ 100000000
      50000000
      (Pair 50000000 "mv1TxMEnmav51G1Hwcib1rBnBeniDMgG8nkJ")
      (Pair "[TIMESTAMP]" 100000000 "mv1PVMnW8iyYxCoqLfPAha8EAPRxjTx7wqbn") ]
    - log/LE (exit) @ location: 45
      [ 1
        (Pair 50000000 "mv1TxMEnmav51G1Hwcib1rBnBeniDMgG8nkJ")
        (Pair "[TIMESTAMP]" 100000000 "mv1PVMnW8iyYxCoqLfPAha8EAPRxjTx7wqbn") ]
  - LE (entry) @ location: 46
    [ 1
      (Pair 50000000 "mv1TxMEnmav51G1Hwcib1rBnBeniDMgG8nkJ")
      (Pair "[TIMESTAMP]" 100000000 "mv1PVMnW8iyYxCoqLfPAha8EAPRxjTx7wqbn") ]
    - log/IF (exit) @ location: 46
      [ False
        (Pair 50000000 "mv1TxMEnmav51G1Hwcib1rBnBeniDMgG8nkJ")
        (Pair "[TIMESTAMP]" 100000000 "mv1PVMnW8iyYxCoqLfPAha8EAPRxjTx7wqbn") ]
  - IF (entry) @ location: 47
    [ False
      (Pair 50000000 "mv1TxMEnmav51G1Hwcib1rBnBeniDMgG8nkJ")
      (Pair "[TIMESTAMP]" 100000000 "mv1PVMnW8iyYxCoqLfPAha8EAPRxjTx7wqbn") ]
    - log/[halt] (exit) @ location: 47
      [ (Pair 50000000 "mv1TxMEnmav51G1Hwcib1rBnBeniDMgG8nkJ")
        (Pair "[TIMESTAMP]" 100000000 "mv1PVMnW8iyYxCoqLfPAha8EAPRxjTx7wqbn") ]
  - [halt] (entry) @ location: 53
    [ (Pair 50000000 "mv1TxMEnmav51G1Hwcib1rBnBeniDMgG8nkJ")
      (Pair "[TIMESTAMP]" 100000000 "mv1PVMnW8iyYxCoqLfPAha8EAPRxjTx7wqbn") ]
    - control: KCons
    - log/DUP (exit) @ location: 47
      [ (Pair 50000000 "mv1TxMEnmav51G1Hwcib1rBnBeniDMgG8nkJ")
        (Pair "[TIMESTAMP]" 100000000 "mv1PVMnW8iyYxCoqLfPAha8EAPRxjTx7wqbn") ]
  - DUP (entry) @ location: 53
    [ (Pair 50000000 "mv1TxMEnmav51G1Hwcib1rBnBeniDMgG8nkJ")
      (Pair "[TIMESTAMP]" 100000000 "mv1PVMnW8iyYxCoqLfPAha8EAPRxjTx7wqbn") ]
    - log/CAR (exit) @ location: 53
      [ (Pair 50000000 "mv1TxMEnmav51G1Hwcib1rBnBeniDMgG8nkJ")
        (Pair 50000000 "mv1TxMEnmav51G1Hwcib1rBnBeniDMgG8nkJ")
        (Pair "[TIMESTAMP]" 100000000 "mv1PVMnW8iyYxCoqLfPAha8EAPRxjTx7wqbn") ]
  - CAR (entry) @ location: 54
    [ (Pair 50000000 "mv1TxMEnmav51G1Hwcib1rBnBeniDMgG8nkJ")
      (Pair 50000000 "mv1TxMEnmav51G1Hwcib1rBnBeniDMgG8nkJ")
      (Pair "[TIMESTAMP]" 100000000 "mv1PVMnW8iyYxCoqLfPAha8EAPRxjTx7wqbn") ]
    - log/DIP (exit) @ location: 54
      [ 50000000
        (Pair 50000000 "mv1TxMEnmav51G1Hwcib1rBnBeniDMgG8nkJ")
        (Pair "[TIMESTAMP]" 100000000 "mv1PVMnW8iyYxCoqLfPAha8EAPRxjTx7wqbn") ]
  - DIP (entry) @ location: 55
    [ 50000000
      (Pair 50000000 "mv1TxMEnmav51G1Hwcib1rBnBeniDMgG8nkJ")
      (Pair "[TIMESTAMP]" 100000000 "mv1PVMnW8iyYxCoqLfPAha8EAPRxjTx7wqbn") ]
    - log/CDR (exit) @ location: 55
      [ (Pair 50000000 "mv1TxMEnmav51G1Hwcib1rBnBeniDMgG8nkJ")
        (Pair "[TIMESTAMP]" 100000000 "mv1PVMnW8iyYxCoqLfPAha8EAPRxjTx7wqbn") ]
  - CDR (entry) @ location: 57
    [ (Pair 50000000 "mv1TxMEnmav51G1Hwcib1rBnBeniDMgG8nkJ")
      (Pair "[TIMESTAMP]" 100000000 "mv1PVMnW8iyYxCoqLfPAha8EAPRxjTx7wqbn") ]
    - log/IMPLICIT_ACCOUNT (exit) @ location: 57
      [ "mv1TxMEnmav51G1Hwcib1rBnBeniDMgG8nkJ"
        (Pair "[TIMESTAMP]" 100000000 "mv1PVMnW8iyYxCoqLfPAha8EAPRxjTx7wqbn") ]
  - IMPLICIT_ACCOUNT (entry) @ location: 58
    [ "mv1TxMEnmav51G1Hwcib1rBnBeniDMgG8nkJ"
      (Pair "[TIMESTAMP]" 100000000 "mv1PVMnW8iyYxCoqLfPAha8EAPRxjTx7wqbn") ]
    - log/[halt] (exit) @ location: 58
      [ "mv1TxMEnmav51G1Hwcib1rBnBeniDMgG8nkJ"
        (Pair "[TIMESTAMP]" 100000000 "mv1PVMnW8iyYxCoqLfPAha8EAPRxjTx7wqbn") ]
  - [halt] (entry) @ location: 56
    [ "mv1TxMEnmav51G1Hwcib1rBnBeniDMgG8nkJ"
      (Pair "[TIMESTAMP]" 100000000 "mv1PVMnW8iyYxCoqLfPAha8EAPRxjTx7wqbn") ]
    - control: KUndip
    - control: KCons
    - log/UNIT (exit) @ location: 55
      [ 50000000
        "mv1TxMEnmav51G1Hwcib1rBnBeniDMgG8nkJ"
        (Pair "[TIMESTAMP]" 100000000 "mv1PVMnW8iyYxCoqLfPAha8EAPRxjTx7wqbn") ]
  - UNIT (entry) @ location: 59
    [ 50000000
      "mv1TxMEnmav51G1Hwcib1rBnBeniDMgG8nkJ"
      (Pair "[TIMESTAMP]" 100000000 "mv1PVMnW8iyYxCoqLfPAha8EAPRxjTx7wqbn") ]
    - log/TRANSFER_TOKENS (exit) @ location: 59
      [ Unit
        50000000
        "mv1TxMEnmav51G1Hwcib1rBnBeniDMgG8nkJ"
        (Pair "[TIMESTAMP]" 100000000 "mv1PVMnW8iyYxCoqLfPAha8EAPRxjTx7wqbn") ]
  - TRANSFER_TOKENS (entry) @ location: 60
    [ Unit
      50000000
      "mv1TxMEnmav51G1Hwcib1rBnBeniDMgG8nkJ"
      (Pair "[TIMESTAMP]" 100000000 "mv1PVMnW8iyYxCoqLfPAha8EAPRxjTx7wqbn") ]
    - log/NIL (exit) @ location: 60
      [ 0x014828e9aa0b3e6e970da0515b5c5d8ccf502875890000000180e1eb170000dac9f52543da1aed0bc1d6b46bf7c10db7014cd600
        (Pair "[TIMESTAMP]" 100000000 "mv1PVMnW8iyYxCoqLfPAha8EAPRxjTx7wqbn") ]
  - NIL (entry) @ location: 61
    [ 0x014828e9aa0b3e6e970da0515b5c5d8ccf502875890000000180e1eb170000dac9f52543da1aed0bc1d6b46bf7c10db7014cd600
      (Pair "[TIMESTAMP]" 100000000 "mv1PVMnW8iyYxCoqLfPAha8EAPRxjTx7wqbn") ]
    - log/SWAP (exit) @ location: 61
      [ {}
        0x014828e9aa0b3e6e970da0515b5c5d8ccf502875890000000180e1eb170000dac9f52543da1aed0bc1d6b46bf7c10db7014cd600
        (Pair "[TIMESTAMP]" 100000000 "mv1PVMnW8iyYxCoqLfPAha8EAPRxjTx7wqbn") ]
  - SWAP (entry) @ location: 63
    [ {}
      0x014828e9aa0b3e6e970da0515b5c5d8ccf502875890000000180e1eb170000dac9f52543da1aed0bc1d6b46bf7c10db7014cd600
      (Pair "[TIMESTAMP]" 100000000 "mv1PVMnW8iyYxCoqLfPAha8EAPRxjTx7wqbn") ]
    - log/CONS (exit) @ location: 63
      [ 0x014828e9aa0b3e6e970da0515b5c5d8ccf502875890000000180e1eb170000dac9f52543da1aed0bc1d6b46bf7c10db7014cd600
        {}
        (Pair "[TIMESTAMP]" 100000000 "mv1PVMnW8iyYxCoqLfPAha8EAPRxjTx7wqbn") ]
  - CONS (entry) @ location: 64
    [ 0x014828e9aa0b3e6e970da0515b5c5d8ccf502875890000000180e1eb170000dac9f52543da1aed0bc1d6b46bf7c10db7014cd600
      {}
      (Pair "[TIMESTAMP]" 100000000 "mv1PVMnW8iyYxCoqLfPAha8EAPRxjTx7wqbn") ]
    - log/PAIR (exit) @ location: 64
      [ { 0x014828e9aa0b3e6e970da0515b5c5d8ccf502875890000000180e1eb170000dac9f52543da1aed0bc1d6b46bf7c10db7014cd600 }
        (Pair "[TIMESTAMP]" 100000000 "mv1PVMnW8iyYxCoqLfPAha8EAPRxjTx7wqbn") ]
  - PAIR (entry) @ location: 65
    [ { 0x014828e9aa0b3e6e970da0515b5c5d8ccf502875890000000180e1eb170000dac9f52543da1aed0bc1d6b46bf7c10db7014cd600 }
      (Pair "[TIMESTAMP]" 100000000 "mv1PVMnW8iyYxCoqLfPAha8EAPRxjTx7wqbn") ]
    - log/[halt] (exit) @ location: 65
      [ (Pair { 0x014828e9aa0b3e6e970da0515b5c5d8ccf502875890000000180e1eb170000dac9f52543da1aed0bc1d6b46bf7c10db7014cd600 }
              "[TIMESTAMP]"
              100000000
              "mv1PVMnW8iyYxCoqLfPAha8EAPRxjTx7wqbn") ]
  - [halt] (entry) @ location: 10
    [ (Pair { 0x014828e9aa0b3e6e970da0515b5c5d8ccf502875890000000180e1eb170000dac9f52543da1aed0bc1d6b46bf7c10db7014cd600 }
            "[TIMESTAMP]"
            100000000
            "mv1PVMnW8iyYxCoqLfPAha8EAPRxjTx7wqbn") ]
    - control: KNil
