
./mavkit-client --wait none set consensus key for bootstrap1 to dummy_account_0
Node is bootstrapped.
Estimated gas: 168.946 units (will add 100 for safety)
Estimated storage: no bytes added
Operation successfully injected in the node.
Operation hash is '[OPERATION_HASH]'
NOT waiting for the operation to be included.
Use command
  mavkit-client wait for [OPERATION_HASH] to be included --confirmations 1 --branch [BLOCK_HASH]
and/or an external block explorer to make sure that it has been included.
This sequence of operations was run:
  Manager signed operations:
    From: [PUBLIC_KEY_HASH]
    Fee to the baker: ṁ0.000071
    Fee to the protocol treasury: ṁ0.000071
    Fee to the burn address: ṁ0.000142
    Expected counter: 1
    Gas limit: 269
    Storage limit: 0 bytes
    Balance updates:
      [PUBLIC_KEY_HASH] ... -ṁ0.000284
      total block fees ....................... +ṁ0.000284
    Update_consensus_key:
      Public key hash: [PUBLIC_KEY_HASH]
      This consensus key update was successfully applied
      Consumed gas: 168.880


./mavkit-client rpc get '/chains/main/blocks/head/context/delegates/[PUBLIC_KEY_HASH]'
{ "full_balance": "4000000000000", "current_frozen_deposits": "200000000000",
  "frozen_deposits": "200000000000", "staking_balance": "4000000000000",
  "delegated_contracts": [ "[PUBLIC_KEY_HASH]" ],
  "delegated_balance": "0",
  "min_delegated_in_current_cycle":
    { "amount": "3800000000000",
      "level":
        { "level": 1, "level_position": 0, "cycle": 0, "cycle_position": 0,
          "expected_commitment": false } }, "deactivated": false,
  "grace_period": 3, "pending_denunciations": false,
  "total_delegated_stake": "0", "staking_denominator": "0",
  "voting_power": "4000000000000", "remaining_proposals": 20,
  "active_consensus_key": "[PUBLIC_KEY_HASH]" }

./mavkit-client rpc get '/chains/main/blocks/head/context/delegates/[PUBLIC_KEY_HASH]'
{ "full_balance": "4000000333120", "current_frozen_deposits": "200000016667",
  "frozen_deposits": "200000000000", "staking_balance": "4000000333120",
  "delegated_contracts": [ "[PUBLIC_KEY_HASH]" ],
  "delegated_balance": "0",
  "min_delegated_in_current_cycle":
    { "amount": "3799999999716",
      "level":
        { "level": 2, "level_position": 1, "cycle": 0, "cycle_position": 1,
          "expected_commitment": false } }, "deactivated": false,
  "grace_period": 3, "pending_denunciations": false,
  "total_delegated_stake": "0", "staking_denominator": "0",
  "voting_power": "4000000000000", "remaining_proposals": 20,
  "active_consensus_key": "[PUBLIC_KEY_HASH]",
  "pending_consensus_keys":
    [ { "cycle": 2, "pkh": "[PUBLIC_KEY_HASH]" } ] }

./mavkit-client rpc get '/chains/main/blocks/head/context/delegates/[PUBLIC_KEY_HASH]'
{ "full_balance": "4000003297900", "current_frozen_deposits": "200000164895",
  "frozen_deposits": "200000000000", "staking_balance": "4000003297900",
  "delegated_contracts": [ "[PUBLIC_KEY_HASH]" ],
  "delegated_balance": "0",
  "min_delegated_in_current_cycle":
    { "amount": "3800001595458",
      "level":
        { "level": 5, "level_position": 4, "cycle": 1, "cycle_position": 0,
          "expected_commitment": false } }, "deactivated": false,
  "grace_period": 3, "pending_denunciations": false,
  "total_delegated_stake": "0", "staking_denominator": "0",
  "voting_power": "4000000000000", "remaining_proposals": 20,
  "active_consensus_key": "[PUBLIC_KEY_HASH]" }
