
./mavkit-client --protocol PsSyLBNKaGQtFkaocDA5p2zqrTpHY87WDtENjMJXYSaF25W8W7n --mode mockup --no-base-dir-warnings run script michelson_test_scripts/opcodes/set_id.tz on storage '{}' and input '{ "a" ; "b" ; "c" }' --level 1 --trace-stack
storage
  { "a" ; "b" ; "c" }
emitted operations
  
big_map diff
  
trace
  - location: 9 (just consumed gas: 4.523)
    [ (Pair { "a" ; "b" ; "c" } {}) ]
  - location: 9 (just consumed gas: 0.010)
    [ { "a" ; "b" ; "c" } ]
  - location: 10 (just consumed gas: 0.010)
    [ {}
      { "a" ; "b" ; "c" } ]
  - location: 12 (just consumed gas: 0.010)
    [ (Pair {} { "a" ; "b" ; "c" }) ]

