
./mavkit-client --protocol Prxxka7napSL6ohgaLRX7yDb83wwqNpuwLGFngZmnh5UghkUzTB --mode mockup --no-base-dir-warnings run script michelson_test_scripts/opcodes/and.mv on storage None and input '(Pair False False)' --level 1 --trace-stack
storage
  (Some False)
emitted operations
  
big_map diff
  
trace
  - location: 10 (just consumed gas: 7.431)
    [ (Pair (Pair False False) None) ]
  - location: 10 (just consumed gas: 0.010)
    [ (Pair False False) ]
  - location: 11 (just consumed gas: 0.010)
    [ False
      False ]
  - location: 12 (just consumed gas: 0.010)
    [ False ]
  - location: 13 (just consumed gas: 0.010)
    [ (Some False) ]
  - location: 14 (just consumed gas: 0.010)
    [ {}
      (Some False) ]
  - location: 16 (just consumed gas: 0.010)
    [ (Pair {} (Some False)) ]
  - location: 17 (just consumed gas: 0.010)
    [ {}
      (Some False) ]
  - location: 18 (just consumed gas: 0.010)
    [ (Pair {} (Some False)) ]

