
./mavkit-client --protocol Prxxka7napSL6ohgaLRX7yDb83wwqNpuwLGFngZmnh5UghkUzTB --mode mockup --no-base-dir-warnings run script michelson_test_scripts/opcodes/none.mv on storage 'Some 10' and input Unit --level 1 --trace-stack
storage
  None
emitted operations
  
big_map diff
  
trace
  - location: 8 (just consumed gas: 4.627)
    [ (Pair Unit (Some 10)) ]
  - location: 8 (just consumed gas: 0.010)
    [  ]
  - location: 9 (just consumed gas: 0.010)
    [ None ]
  - location: 11 (just consumed gas: 0.010)
    [ {}
      None ]
  - location: 13 (just consumed gas: 0.010)
    [ (Pair {} None) ]

