
./mavkit-client --protocol Prxxka7napSL6ohgaLRX7yDb83wwqNpuwLGFngZmnh5UghkUzTB --mode mockup --no-base-dir-warnings run script michelson_test_scripts/opcodes/neg.mv on storage 0 and input '(Right 0)' --level 1 --trace-stack
storage
  0
emitted operations
  
big_map diff
  
trace
  - location: 9 (just consumed gas: 6.063)
    [ (Pair (Right 0) 0) ]
  - location: 9 (just consumed gas: 0.010)
    [ (Right 0) ]
  - location: 10 (just consumed gas: 0.010)
    [ 0 ]
  - location: 14 (just consumed gas: 0.025)
    [ 0 ]
  - location: 10 (just consumed gas: 0.025)
    [ 0 ]
  - location: 15 (just consumed gas: 0.010)
    [ {}
      0 ]
  - location: 17 (just consumed gas: 0.010)
    [ (Pair {} 0) ]

