
./mavkit-client --protocol PtBzwViMCC1gfm98y5TDKqz2e3vjBXPAUoWu7jfEcN6yj2ZhCyT --mode mockup --no-base-dir-warnings run script michelson_test_scripts/opcodes/list_concat_bytes.mv on storage 0xabcd and input '{}' --level 1 --trace-stack
storage
  0xabcd
emitted operations
  
big_map diff
  
trace
  - location: 8 (just consumed gas: 5.522)
    [ (Pair {} 0xabcd) ]
  - location: 8 (just consumed gas: 0.010)
    [ {}
      0xabcd ]
  - location: 9 (just consumed gas: 0.010)
    [ 0xabcd
      {} ]
  - location: 10 (just consumed gas: 0.010)
    [ { 0xabcd } ]
  - location: 11 (just consumed gas: 0.111)
    [ 0xabcd ]
  - location: 12 (just consumed gas: 0.010)
    [ {}
      0xabcd ]
  - location: 14 (just consumed gas: 0.010)
    [ (Pair {} 0xabcd) ]

