
./mavkit-client --protocol PtBzwViMCC1gfm98y5TDKqz2e3vjBXPAUoWu7jfEcN6yj2ZhCyT --mode mockup --no-base-dir-warnings run script michelson_test_scripts/opcodes/concat_hello.mv on storage '{}' and input '{ "World!" }' --level 1 --trace-stack
storage
  { "Hello World!" }
emitted operations
  
big_map diff
  
trace
  - location: 9 (just consumed gas: 6.476)
    [ (Pair { "World!" } {}) ]
  - location: 9 (just consumed gas: 0.010)
    [ { "World!" } ]
  - location: 10 (just consumed gas: 0.050)
    [ "World!" ]
  - location: 12 (just consumed gas: 0.010)
    [ "Hello "
      "World!" ]
  - location: 15 (just consumed gas: 0.051)
    [ "Hello World!" ]
  - location: 10 (just consumed gas: 0.066)
    [ { "Hello World!" } ]
  - location: 16 (just consumed gas: 0.010)
    [ {}
      { "Hello World!" } ]
  - location: 18 (just consumed gas: 0.010)
    [ (Pair {} { "Hello World!" }) ]

