
./mavkit-client --protocol PtNf8SCVYCkQaTdktW8s3isRtLWEgHbLp3KbumCchdsH6gia9mP --mode mockup --no-base-dir-warnings run script michelson_test_scripts/opcodes/list_id_map.tz on storage '{""}' and input '{}' --level 1 --trace-stack
storage
  {}
emitted operations
  
big_map diff
  
trace
  - location: 9 (just consumed gas: 5.002)
    [ (Pair {} { "" }) ]
  - location: 9 (just consumed gas: 0.010)
    [ {} ]
  - location: 10 (just consumed gas: 0.060)
    [ {} ]
  - location: 12 (just consumed gas: 0.010)
    [ {}
      {} ]
  - location: 14 (just consumed gas: 0.010)
    [ (Pair {} {}) ]

