
./mavkit-client --protocol PsCyhwT21r2MENfwDr36nj9o3U8XJR5s8QetXEDQBweBru4xvZh --mode mockup --no-base-dir-warnings run script michelson_test_scripts/opcodes/or_binary.tz on storage None and input '(Pair 8 0)' --level 1 --trace-stack
storage
  (Some 8)
emitted operations
  
big_map diff
  
trace
  - location: 10 (just consumed gas: 5.999)
    [ (Pair (Pair 8 0) None) ]
  - location: 10 (just consumed gas: 0.010)
    [ (Pair 8 0) ]
  - location: 11 (just consumed gas: 0.010)
    [ 8
      0 ]
  - location: 12 (just consumed gas: 0.035)
    [ 8 ]
  - location: 13 (just consumed gas: 0.010)
    [ (Some 8) ]
  - location: 14 (just consumed gas: 0.010)
    [ {}
      (Some 8) ]
  - location: 16 (just consumed gas: 0.010)
    [ (Pair {} (Some 8)) ]

