
./octez-client --protocol PsParisCZo7KAh1Z1smVd9ZMZ1HHn5gkzbM94V3PLCpknFWhUAi --mode mockup --no-base-dir-warnings run script michelson_test_scripts/opcodes/list_id.tz on storage '{""}' and input '{ "a" ; "b" ; "c" }' --level 1 --trace-stack
storage
  { "a" ; "b" ; "c" }
emitted operations
  
big_map diff
  
trace
  - location: 9 (just consumed gas: 4.418)
    [ (Pair { "a" ; "b" ; "c" } { "" }) ]
  - location: 9 (just consumed gas: 0.010)
    [ { "a" ; "b" ; "c" } ]
  - location: 10 (just consumed gas: 0.010)
    [ {}
      { "a" ; "b" ; "c" } ]
  - location: 12 (just consumed gas: 0.010)
    [ (Pair {} { "a" ; "b" ; "c" }) ]

