
./mavkit-client --protocol PsCyhwT21r2MENfwDr36nj9o3U8XJR5s8QetXEDQBweBru4xvZh --mode mockup --no-base-dir-warnings run script michelson_test_scripts/opcodes/bls12_381_fr_to_mumav.tz on storage 0 and input 0x10 --level 1 --trace-stack
storage
  16
emitted operations
  
big_map diff
  
trace
  - location: 7 (just consumed gas: 9.127)
    [ (Pair 0x1000000000000000000000000000000000000000000000000000000000000000 0) ]
  - location: 7 (just consumed gas: 0.010)
    [ 0x1000000000000000000000000000000000000000000000000000000000000000 ]
  - location: 8 (just consumed gas: 0.115)
    [ 16 ]
  - location: 9 (just consumed gas: 0.010)
    [ (Some 16) ]
  - location: 11 (just consumed gas: 0.010)
    [ 16 ]
  - location: 11 (just consumed gas: 0.025)
    [ 16 ]
  - location: 17 (just consumed gas: 0.010)
    [ 1
      16 ]
  - location: 20 (just consumed gas: 0.050)
    [ 16 ]
  - location: 21 (just consumed gas: 0.010)
    [ {}
      16 ]
  - location: 23 (just consumed gas: 0.010)
    [ (Pair {} 16) ]

