
./mavkit-client --protocol PsCyhwT21r2MENfwDr36nj9o3U8XJR5s8QetXEDQBweBru4xvZh --mode mockup --no-base-dir-warnings run script michelson_test_scripts/opcodes/bls12_381_fr_to_int.tz on storage 0 and input 0x01 --level 1 --trace-stack
storage
  1
emitted operations
  
big_map diff
  
trace
  - location: 7 (just consumed gas: 4.278)
    [ (Pair 0x0100000000000000000000000000000000000000000000000000000000000000 0) ]
  - location: 7 (just consumed gas: 0.010)
    [ 0x0100000000000000000000000000000000000000000000000000000000000000 ]
  - location: 8 (just consumed gas: 0.115)
    [ 1 ]
  - location: 9 (just consumed gas: 0.010)
    [ {}
      1 ]
  - location: 11 (just consumed gas: 0.010)
    [ (Pair {} 1) ]

