
./mavkit-client --protocol PsCyhwT21r2MENfwDr36nj9o3U8XJR5s8QetXEDQBweBru4xvZh --mode mockup --no-base-dir-warnings run script michelson_test_scripts/opcodes/sapling_empty_state.tz on storage '{}' and input Unit --level 1 --trace-stack
storage
  0
emitted operations
  
big_map diff
  
trace
  - location: 8 (just consumed gas: 4.250)
    [ (Pair Unit {}) ]
  - location: 8 (just consumed gas: 0.010)
    [  ]
  - location: 9 (just consumed gas: 0.300)
    [ {} ]
  - location: 11 (just consumed gas: 0.010)
    [ {}
      {} ]
  - location: 13 (just consumed gas: 0.010)
    [ (Pair {} {}) ]

