
./mavkit-client --protocol PsCyhwT21r2MENfwDr36nj9o3U8XJR5s8QetXEDQBweBru4xvZh --mode mockup --no-base-dir-warnings run script michelson_test_scripts/opcodes/bls12_381_fr_push_nat.tz on storage None and input Unit --level 1 --trace-stack
storage
  (Some 0x1000000000000000000000000000000000000000000000000000000000000000)
emitted operations
  
big_map diff
  
trace
  - location: 8 (just consumed gas: 5.491)
    [ (Pair Unit None) ]
  - location: 8 (just consumed gas: 0.010)
    [  ]
  - location: 9 (just consumed gas: 0.010)
    [ 0x1000000000000000000000000000000000000000000000000000000000000000 ]
  - location: 12 (just consumed gas: 0.010)
    [ (Some 0x1000000000000000000000000000000000000000000000000000000000000000) ]
  - location: 13 (just consumed gas: 0.010)
    [ {}
      (Some 0x1000000000000000000000000000000000000000000000000000000000000000) ]
  - location: 15 (just consumed gas: 0.010)
    [ (Pair {}
            (Some 0x1000000000000000000000000000000000000000000000000000000000000000)) ]

