
./mavkit-client rpc get /chains/main/blocks/head/metadata
{ "protocol": "PtAtLasomUEW99aVhVTrqjCHjJSpFUa8uHNEAEamx9v2SNeTaNp",
  "next_protocol": "PtAtLasomUEW99aVhVTrqjCHjJSpFUa8uHNEAEamx9v2SNeTaNp",
  "test_chain_status": { "status": "not_running" }, "max_operations_ttl": 2,
  "max_operation_data_length": 32768, "max_block_header_length": 289,
  "max_operation_list_length":
    [ { "max_size": 4194304, "max_op": 2048 }, { "max_size": 32768 },
      { "max_size": 135168, "max_op": 132 }, { "max_size": 524288 } ],
  "proposer": "mv1TxMEnmav51G1Hwcib1rBnBeniDMgG8nkJ",
  "baker": "mv1TxMEnmav51G1Hwcib1rBnBeniDMgG8nkJ",
  "level_info":
    { "level": 2, "level_position": 1, "cycle": 0, "cycle_position": 1,
      "expected_commitment": false },
  "voting_period_info":
    { "voting_period":
        { "index": 0, "kind": "proposal", "start_position": 0 },
      "position": 1, "remaining": 81918 }, "nonce_hash": null,
  "deactivated": [],
  "balance_updates":
    [ { "kind": "minted", "category": "bootstrap",
        "change": "-20000000000000", "origin": "migration" },
      { "kind": "freezer", "category": "deposits",
        "staker": { "baker": "mv1V73YiKvinVumxwvYWjCZBoT44wqBNhta7" },
        "change": "400000000000", "origin": "migration" },
      { "kind": "freezer", "category": "deposits",
        "staker": { "baker": "mv1TxMEnmav51G1Hwcib1rBnBeniDMgG8nkJ" },
        "change": "400000000000", "origin": "migration" },
      { "kind": "freezer", "category": "deposits",
        "staker": { "baker": "mv1S14SxfuavHMGDXxZJoBERZafLTyX3Z6Dx" },
        "change": "400000000000", "origin": "migration" },
      { "kind": "freezer", "category": "deposits",
        "staker": { "baker": "mv1PVMnW8iyYxCoqLfPAha8EAPRxjTx7wqbn" },
        "change": "400000000000", "origin": "migration" },
      { "kind": "freezer", "category": "deposits",
        "staker": { "baker": "mv18Cw7psUrAAPBpXYd9CtCpHg9EgjHP9KTe" },
        "change": "400000000000", "origin": "migration" },
      { "kind": "contract",
        "contract": "mv1V73YiKvinVumxwvYWjCZBoT44wqBNhta7",
        "change": "3600000000000", "origin": "migration" },
      { "kind": "contract",
        "contract": "mv1TxMEnmav51G1Hwcib1rBnBeniDMgG8nkJ",
        "change": "3600000000000", "origin": "migration" },
      { "kind": "contract",
        "contract": "mv1S14SxfuavHMGDXxZJoBERZafLTyX3Z6Dx",
        "change": "3600000000000", "origin": "migration" },
      { "kind": "contract",
        "contract": "mv1PVMnW8iyYxCoqLfPAha8EAPRxjTx7wqbn",
        "change": "3600000000000", "origin": "migration" },
      { "kind": "contract",
        "contract": "mv18Cw7psUrAAPBpXYd9CtCpHg9EgjHP9KTe",
        "change": "3600000000000", "origin": "migration" },
      { "kind": "minted", "category": "baking rewards", "change": "-500000",
        "origin": "block" },
      { "kind": "freezer", "category": "deposits",
        "staker": { "baker": "mv1TxMEnmav51G1Hwcib1rBnBeniDMgG8nkJ" },
        "change": "500000", "origin": "block" },
      { "kind": "minted", "category": "baking rewards", "change": "-4499999",
        "origin": "block" },
      { "kind": "contract",
        "contract": "mv1TxMEnmav51G1Hwcib1rBnBeniDMgG8nkJ",
        "change": "4499999", "origin": "block" } ],
  "liquidity_baking_toggle_ema": 0, "adaptive_issuance_vote_ema": 0,
  "implicit_operations_results":
    [ { "kind": "origination",
        "balance_updates":
          [ { "kind": "minted", "category": "subsidy", "change": "-64250",
              "origin": "migration" },
            { "kind": "burned", "category": "storage fees",
              "change": "64250", "origin": "migration" },
            { "kind": "minted", "category": "subsidy", "change": "-968500",
              "origin": "migration" },
            { "kind": "burned", "category": "storage fees",
              "change": "968500", "origin": "migration" },
            { "kind": "minted", "category": "subsidy", "change": "-100",
              "origin": "migration" },
            { "kind": "contract",
              "contract": "[CONTRACT_HASH]",
              "change": "100", "origin": "migration" } ],
        "originated_contracts": [ "[CONTRACT_HASH]" ],
        "storage_size": "3874", "paid_storage_size_diff": "3874" },
      { "kind": "origination",
        "balance_updates":
          [ { "kind": "minted", "category": "subsidy", "change": "-64250",
              "origin": "migration" },
            { "kind": "burned", "category": "storage fees",
              "change": "64250", "origin": "migration" },
            { "kind": "minted", "category": "subsidy", "change": "-494500",
              "origin": "migration" },
            { "kind": "burned", "category": "storage fees",
              "change": "494500", "origin": "migration" } ],
        "originated_contracts": [ "[CONTRACT_HASH]" ],
        "storage_size": "1978", "paid_storage_size_diff": "1978" },
      { "kind": "origination",
        "balance_updates":
          [ { "kind": "minted", "category": "subsidy", "change": "-64250",
              "origin": "migration" },
            { "kind": "burned", "category": "storage fees",
              "change": "64250", "origin": "migration" },
            { "kind": "minted", "category": "subsidy", "change": "-477750",
              "origin": "migration" },
            { "kind": "burned", "category": "storage fees",
              "change": "477750", "origin": "migration" },
            { "kind": "minted", "category": "subsidy", "change": "-1000000",
              "origin": "migration" },
            { "kind": "contract",
              "contract": "[CONTRACT_HASH]",
              "change": "1000000", "origin": "migration" } ],
        "originated_contracts": [ "[CONTRACT_HASH]" ],
        "storage_size": "1911", "paid_storage_size_diff": "1911" },
      { "kind": "origination",
        "balance_updates":
          [ { "kind": "minted", "category": "subsidy", "change": "-64250",
              "origin": "migration" },
            { "kind": "burned", "category": "storage fees",
              "change": "64250", "origin": "migration" },
            { "kind": "minted", "category": "subsidy", "change": "-55750",
              "origin": "migration" },
            { "kind": "burned", "category": "storage fees",
              "change": "55750", "origin": "migration" } ],
        "originated_contracts": [ "[CONTRACT_HASH]" ],
        "storage_size": "223", "paid_storage_size_diff": "223" },
      { "kind": "transaction",
        "storage":
          { "bytes": "000055b89499feb92ad172435bb8ec189ae0fd241079" },
        "balance_updates":
          [ { "kind": "minted", "category": "subsidy", "change": "-1249999",
              "origin": "subsidy" },
            { "kind": "contract",
              "contract": "[CONTRACT_HASH]",
              "change": "1249999", "origin": "subsidy" } ],
        "consumed_milligas": "1131991", "storage_size": "223" } ],
  "proposer_consensus_key": "mv1TxMEnmav51G1Hwcib1rBnBeniDMgG8nkJ",
  "baker_consensus_key": "mv1TxMEnmav51G1Hwcib1rBnBeniDMgG8nkJ",
  "consumed_milligas": "0" }
