
./octez-client --wait none transfer 0 from bootstrap1 to '[CONTRACT_HASH]' --burn-cap 1 --entrypoint store --arg 'Pair 99 {Pair "garbage" (Pair "[CONTRACT_HASH]" (Pair "Ticket1" 1)) ; Pair "garbage" (Pair "[CONTRACT_HASH]" (Pair "Ticket2" 2))}'
Node is bootstrapped.
This simulation failed:
  Manager signed operations:
    From: [PUBLIC_KEY_HASH]
    Fee to the baker: ṁ0
    Expected counter: 4
    Gas limit: 1040000
    Storage limit: 60000 bytes
    Transaction:
      Amount: ṁ0
      From: [PUBLIC_KEY_HASH]
      To: [CONTRACT_HASH]
      Entrypoint: store
      Parameter: (Pair 99
                       { Pair "garbage" (Pair "[CONTRACT_HASH]" (Pair "Ticket1" 1)) ;
                         Pair "garbage" (Pair "[CONTRACT_HASH]" (Pair "Ticket2" 2)) })
      This operation FAILED.

At (unshown) location 0, value
  (Pair 99
        { Pair "garbage" (Pair "[CONTRACT_HASH]" (Pair "Ticket1" 1)) ;
          Pair "garbage" (Pair "[CONTRACT_HASH]" (Pair "Ticket2" 2)) })
is invalid for type pair int (list (pair string (ticket string))).
At (unshown) location 2, value
  { Pair "garbage" (Pair "[CONTRACT_HASH]" (Pair "Ticket1" 1)) ;
    Pair "garbage" (Pair "[CONTRACT_HASH]" (Pair "Ticket2" 2)) }
is invalid for type list (pair string (ticket string)).
At (unshown) location 10, value
  (Pair "garbage" (Pair "[CONTRACT_HASH]" (Pair "Ticket2" 2)))
is invalid for type pair string (ticket string).
At (unshown) location 12, invalid primitive Pair, only Ticket can be used here.
Fatal error:
  transfer simulation failed
