
./mavkit-client --mode mockup --wait none originate contract add_clear_tickets transferring 200 from bootstrap1 running michelson_test_scripts/mini_scenarios/add_clear_tickets.tz --init '{}' --burn-cap 1
Node is bootstrapped.
This simulation failed:
  Manager signed operations:
    From: [PUBLIC_KEY_HASH]
    Fee to the validator: ṁ0
    Fee to the protocol treasury: ṁ0
    Fee to the burn address: ṁ0
    Expected counter: 1
    Gas limit: 1040000
    Storage limit: 60000 bytes
    Origination:
      From: [PUBLIC_KEY_HASH]
      Credit: ṁ200
      Script:
        { parameter (or (pair %add nat string) (unit %clear)) ;
          storage (list (ticket string)) ;
          code { UNPAIR ;
                 IF_LEFT
                   { UNPAIR ; DIG 2 ; SWAP ; DIG 2 ; TICKET ; CONS ; NIL operation ; PAIR }
                   { DROP 2 ; NIL (ticket string) ; NIL operation ; PAIR } } }
        Initial storage: {}
        No delegate for this contract
        This operation FAILED.

Ill typed contract:
  1: { parameter (or (pair %add nat string) (unit %clear)) ;
  2:   storage (list (ticket string)) ;
  3:   code { UNPAIR ;
  4:          IF_LEFT
  5:            { UNPAIR ; DIG 2 ; SWAP ; DIG 2 ; TICKET ; CONS ; NIL operation ; PAIR }
  6:            { DROP 2 ; NIL (ticket string) ; NIL operation ; PAIR } } }
At line 5 characters 54 to 58, wrong stack type for instruction CONS: [].
Bad stack item 1.
At line 5 characters 54 to 58, Type option (ticket string)
is not compatible with type ticket string.
At line 5 characters 54 to 58, Type option (ticket string)
is not compatible with type ticket string.
Fatal error:
  origination simulation failed
