
./mavkit-client --mode mockup --wait none transfer 0 from bootstrap2 to '[CONTRACT_HASH]' --burn-cap 2 --arg '(Pair "[CONTRACT_HASH]" "[CONTRACT_HASH]")'
Node is bootstrapped.
Estimated gas: 7897.809 units (will add 100 for safety)
Estimated storage: 515 bytes added (will add 20 for safety)
Operation successfully injected in the node.
Operation hash is '[OPERATION_HASH]'
NOT waiting for the operation to be included.
Use command
  mavkit-client wait for [OPERATION_HASH] to be included --confirmations 1 --branch [BLOCK_HASH]
and/or an external block explorer to make sure that it has been included.
This sequence of operations was run:
  Manager signed operations:
    From: [PUBLIC_KEY_HASH]
    Fee to the validator: ṁ0.001138
    Expected counter: 1
    Gas limit: 7998
    Storage limit: 535 bytes
    Balance updates:
      [PUBLIC_KEY_HASH] ... -ṁ0.001138
      payload fees(the block proposer) ....... +ṁ0.001138
    Transaction:
      Amount: ṁ0
      From: [PUBLIC_KEY_HASH]
      To: [CONTRACT_HASH]
      Parameter: (Pair "[CONTRACT_HASH]" "[CONTRACT_HASH]")
      This transaction was successfully applied
      Updated storage:
        { Ticket 0x01c97ff8e547ecb335bdf832511361d68e928c6ec300 string "red" 1 ;
          Ticket 0x01c97ff8e547ecb335bdf832511361d68e928c6ec300 string "green" 1 ;
          Ticket 0x01c97ff8e547ecb335bdf832511361d68e928c6ec300 string "green" 1 }
      Storage size: 549 bytes
      Paid storage size diff: 349 bytes
      Consumed gas: 3191.920
      Balance updates:
        [PUBLIC_KEY_HASH] ... -ṁ0.08725
        storage fees ........................... +ṁ0.08725
      Ticket updates:
        Ticketer: [CONTRACT_HASH]
        Content type: string
        Content: "red"
        Account updates:
          [CONTRACT_HASH] ... +1
        Ticketer: [CONTRACT_HASH]
        Content type: string
        Content: "green"
        Account updates:
          [CONTRACT_HASH] ... +2
      Internal operations:
        Internal Transaction:
          Amount: ṁ0
          From: [CONTRACT_HASH]
          To: [CONTRACT_HASH]
          Parameter: (Pair (Pair (Ticket 0x01c97ff8e547ecb335bdf832511361d68e928c6ec300 string "blue" 1)
                                 (Ticket 0x01c97ff8e547ecb335bdf832511361d68e928c6ec300 string "blue" 1))
                           0x0192ce5ac8f542c49e64c7b6c73c445515ddc20f9400)
          This transaction was successfully applied
          Updated storage:
            (Some (Ticket 0x01c97ff8e547ecb335bdf832511361d68e928c6ec300 string "blue" 1))
          Storage size: 177 bytes
          Paid storage size diff: 116 bytes
          Consumed gas: 2817.571
          Balance updates:
            [PUBLIC_KEY_HASH] ... -ṁ0.029
            storage fees ........................... +ṁ0.029
          Ticket updates:
            Ticketer: [CONTRACT_HASH]
            Content type: string
            Content: "blue"
            Account updates:
              [CONTRACT_HASH] ... +1
        Internal Transaction:
          Amount: ṁ0
          From: [CONTRACT_HASH]
          To: [CONTRACT_HASH]
          Parameter: (Ticket 0x01c97ff8e547ecb335bdf832511361d68e928c6ec300 string "blue" 1)
          This transaction was successfully applied
          Updated storage:
            (Some (Ticket 0x01c97ff8e547ecb335bdf832511361d68e928c6ec300 string "blue" 1))
          Storage size: 96 bytes
          Paid storage size diff: 50 bytes
          Consumed gas: 1889.489
          Balance updates:
            [PUBLIC_KEY_HASH] ... -ṁ0.0125
            storage fees ........................... +ṁ0.0125
          Ticket updates:
            Ticketer: [CONTRACT_HASH]
            Content type: string
            Content: "blue"
            Account updates:
              [CONTRACT_HASH] ... +1


./mavkit-client --mode mockup get ticket balance for '[CONTRACT_HASH]' with ticketer '[CONTRACT_HASH]' and type string and content '"red"'
1

./mavkit-client --mode mockup get ticket balance for '[CONTRACT_HASH]' with ticketer '[CONTRACT_HASH]' and type string and content '"green"'
2

./mavkit-client --mode mockup get ticket balance for '[CONTRACT_HASH]' with ticketer '[CONTRACT_HASH]' and type string and content '"blue"'
0

./mavkit-client --mode mockup get ticket balance for '[CONTRACT_HASH]' with ticketer '[CONTRACT_HASH]' and type string and content '"blue"'
1

./mavkit-client --mode mockup get ticket balance for '[CONTRACT_HASH]' with ticketer '[CONTRACT_HASH]' and type string and content '"blue"'
1

./mavkit-client --mode mockup rpc get '/chains/main/blocks/head/context/contracts/[CONTRACT_HASH]/all_ticket_balances'
[ { "ticketer": "[CONTRACT_HASH]",
    "content_type": { "prim": "string" }, "content": { "string": "red" },
    "amount": "1" },
  { "ticketer": "[CONTRACT_HASH]",
    "content_type": { "prim": "string" }, "content": { "string": "green" },
    "amount": "2" } ]

./mavkit-client --mode mockup get all ticket balances for '[CONTRACT_HASH]'
Ticketer: [CONTRACT_HASH]
Content type: string
Content: "red"
Amount: 1

Ticketer: [CONTRACT_HASH]
Content type: string
Content: "green"
Amount: 2

./mavkit-client --mode mockup rpc get '/chains/main/blocks/head/context/contracts/[CONTRACT_HASH]/all_ticket_balances'
[ { "ticketer": "[CONTRACT_HASH]",
    "content_type": { "prim": "string" }, "content": { "string": "blue" },
    "amount": "1" } ]

./mavkit-client --mode mockup get all ticket balances for '[CONTRACT_HASH]'
Ticketer: [CONTRACT_HASH]
Content type: string
Content: "blue"
Amount: 1

./mavkit-client --mode mockup rpc get '/chains/main/blocks/head/context/contracts/[CONTRACT_HASH]/all_ticket_balances'
[ { "ticketer": "[CONTRACT_HASH]",
    "content_type": { "prim": "string" }, "content": { "string": "blue" },
    "amount": "1" } ]

./mavkit-client --mode mockup get all ticket balances for '[CONTRACT_HASH]'
Ticketer: [CONTRACT_HASH]
Content type: string
Content: "blue"
Amount: 1

./mavkit-client --mode mockup rpc get '/chains/main/blocks/head/context/contracts/[PUBLIC_KEY_HASH]/all_ticket_balances'
Fatal error:
  No service found at this URL
  
