{ parameter key_hash ;
  storage unit ;
  code { CAR ;
         IMPLICIT_ACCOUNT ;
         DIP { UNIT } ;
         PUSH mumav 1000000 ;
         UNIT ;
         TRANSFER_TOKENS ;
         NIL operation ;
         SWAP ;
         CONS ;
         PAIR } }

