
./mavkit-client --wait none originate smart rollup rollup from bootstrap1 of kind arith of type string with kernel  --burn-cap 9999999
Node is bootstrapped.
Estimated gas: 1930.030 units (will add 100 for safety)
Estimated storage: 6552 bytes added (will add 20 for safety)
Operation successfully injected in the node.
Operation hash is '[OPERATION_HASH]'
NOT waiting for the operation to be included.
Use command
  mavkit-client wait for [OPERATION_HASH] to be included --confirmations 1 --branch [BLOCK_HASH]
and/or an external block explorer to make sure that it has been included.
This sequence of operations was run:
  Manager signed operations:
    From: [PUBLIC_KEY_HASH]
    Fee to the baker: ṁ0.00011
    Fee to the protocol treasury: ṁ0.00011
    Fee to the burn address: ṁ0.000221
    Expected counter: 1
    Gas limit: 2031
    Storage limit: 6572 bytes
    Balance updates:
      [PUBLIC_KEY_HASH] ... -ṁ0.000441
      total block fees ....................... +ṁ0.000441
    Smart rollup origination:
      Kind: arith
      Parameter type: string
      Kernel Blake2B hash: '0e5751c026e543b2e8ab2eb06099daa1d1e5df47778f7787faab45cdf12fe3a8'
      This smart rollup origination was successfully applied
      Consumed gas: 1929.997
      Storage size: 6552 bytes
      Address: [SMART_ROLLUP_HASH]
      Genesis commitment hash: [SC_ROLLUP_COMMITMENT_HASH]
      Balance updates:
        [PUBLIC_KEY_HASH] ... -ṁ1.638
        storage fees ........................... +ṁ1.638

Smart rollup [SMART_ROLLUP_HASH] memorized as "rollup"

./mavkit-client --wait none publish commitment from '[PUBLIC_KEY_HASH]' for smart rollup '[SMART_ROLLUP_HASH]' with compressed state '[SC_ROLLUP_PVM_STATE_HASH]' at inbox level 4 and predecessor '[SC_ROLLUP_COMMITMENT_HASH]' and number of ticks 1
Node is bootstrapped.
Estimated gas: 6588.924 units (will add 100 for safety)
Estimated storage: no bytes added
Operation successfully injected in the node.
Operation hash is '[OPERATION_HASH]'
NOT waiting for the operation to be included.
Use command
  mavkit-client wait for [OPERATION_HASH] to be included --confirmations 1 --branch [BLOCK_HASH]
and/or an external block explorer to make sure that it has been included.
This sequence of operations was run:
  Manager signed operations:
    From: [PUBLIC_KEY_HASH]
    Fee to the baker: ṁ0.000247
    Fee to the protocol treasury: ṁ0.000247
    Fee to the burn address: ṁ0.000495
    Expected counter: 1
    Gas limit: 6689
    Storage limit: 0 bytes
    Balance updates:
      [PUBLIC_KEY_HASH] ... -ṁ0.000989
      total block fees ....................... +ṁ0.000989
    Smart rollup commitment publishing:
      Address: [SMART_ROLLUP_HASH]
      Commitment:
        compressed_state: [SC_ROLLUP_PVM_STATE_HASH]
        inbox_level: 4
        predecessor: [SC_ROLLUP_COMMITMENT_HASH]
        number_of_ticks: 1
      This smart rollup commitment publishing was successfully applied
      Consumed gas: 6588.858
      Hash of commit: [SC_ROLLUP_COMMITMENT_HASH]
      Commitment published at level: 6
      Balance updates:
        [PUBLIC_KEY_HASH] ...................................................... -ṁ10000
        Frozen_bonds([PUBLIC_KEY_HASH],[SMART_ROLLUP_HASH]) ... +ṁ10000


./mavkit-client --wait none publish commitment from '[PUBLIC_KEY_HASH]' for smart rollup '[SMART_ROLLUP_HASH]' with compressed state '[SC_ROLLUP_PVM_STATE_HASH]' at inbox level 4 and predecessor '[SC_ROLLUP_COMMITMENT_HASH]' and number of ticks 2
Node is bootstrapped.
Estimated gas: 7287.126 units (will add 100 for safety)
Estimated storage: no bytes added
Operation successfully injected in the node.
Operation hash is '[OPERATION_HASH]'
NOT waiting for the operation to be included.
Use command
  mavkit-client wait for [OPERATION_HASH] to be included --confirmations 1 --branch [BLOCK_HASH]
and/or an external block explorer to make sure that it has been included.
This sequence of operations was run:
  Manager signed operations:
    From: [PUBLIC_KEY_HASH]
    Fee to the baker: ṁ0.000264
    Fee to the protocol treasury: ṁ0.000264
    Fee to the burn address: ṁ0.000531
    Expected counter: 1
    Gas limit: 7388
    Storage limit: 0 bytes
    Balance updates:
      [PUBLIC_KEY_HASH] ... -ṁ0.001059
      total block fees ....................... +ṁ0.001059
    Smart rollup commitment publishing:
      Address: [SMART_ROLLUP_HASH]
      Commitment:
        compressed_state: [SC_ROLLUP_PVM_STATE_HASH]
        inbox_level: 4
        predecessor: [SC_ROLLUP_COMMITMENT_HASH]
        number_of_ticks: 2
      This smart rollup commitment publishing was successfully applied
      Consumed gas: 7287.060
      Hash of commit: [SC_ROLLUP_COMMITMENT_HASH]
      Commitment published at level: 7
      Balance updates:
        [PUBLIC_KEY_HASH] ...................................................... -ṁ10000
        Frozen_bonds([PUBLIC_KEY_HASH],[SMART_ROLLUP_HASH]) ... +ṁ10000


./mavkit-client --wait none timeout dispute on smart rollup '[SMART_ROLLUP_HASH]' with '[PUBLIC_KEY_HASH]' against '[PUBLIC_KEY_HASH]' from bootstrap1
Node is bootstrapped.
Estimated gas: 3715.433 units (will add 100 for safety)
Estimated storage: no bytes added
Operation successfully injected in the node.
Operation hash is '[OPERATION_HASH]'
NOT waiting for the operation to be included.
Use command
  mavkit-client wait for [OPERATION_HASH] to be included --confirmations 1 --branch [BLOCK_HASH]
and/or an external block explorer to make sure that it has been included.
This sequence of operations was run:
  Manager signed operations:
    From: [PUBLIC_KEY_HASH]
    Fee to the baker: ṁ0.000167
    Fee to the protocol treasury: ṁ0.000167
    Fee to the burn address: ṁ0.000334
    Expected counter: 2
    Gas limit: 3816
    Storage limit: 0 bytes
    Balance updates:
      [PUBLIC_KEY_HASH] ... -ṁ0.000668
      total block fees ....................... +ṁ0.000668
    Smart rollup refutation timeout:
      Address: [SMART_ROLLUP_HASH]
      First staker (Alice): [PUBLIC_KEY_HASH]
      Second staker (Bob): [PUBLIC_KEY_HASH]
      This smart rollup refutation timeout was successfully applied
      Consumed gas: 3715.367
      Refutation game status: Game ended: [PUBLIC_KEY_HASH] lost because: timeout
      Balance updates:
        Frozen_bonds([PUBLIC_KEY_HASH],[SMART_ROLLUP_HASH]) ... -ṁ10000
        smart rollup refutation punishments ....................................................... +ṁ10000
        smart rollup refutation rewards ........................................................... -ṁ5000
        [PUBLIC_KEY_HASH] ...................................................... +ṁ5000

