
./mavkit-client --wait none originate smart rollup rollup from bootstrap1 of kind arith of type string with kernel '10 10 10 + +' --burn-cap 9999999
Node is bootstrapped.
Estimated gas: 1930.469 units (will add 100 for safety)
Estimated storage: 6552 bytes added (will add 20 for safety)
Operation successfully injected in the node.
Operation hash is '[OPERATION_HASH]'
NOT waiting for the operation to be included.
Use command
  mavkit-client wait for [OPERATION_HASH] to be included --confirmations 1 --branch [BLOCK_HASH]
and/or an external block explorer to make sure that it has been included.
This sequence of operations was run:
  Manager signed operations:
    From: [PUBLIC_KEY_HASH]
    Fee to the validator: ṁ0.000113
    Fee to the protocol treasury: ṁ0.000113
    Fee to the burn address: ṁ0.000227
    Expected counter: 1
    Gas limit: 2031
    Storage limit: 6572 bytes
    Balance updates:
      [PUBLIC_KEY_HASH] ... -ṁ0.000453
      total block fees ....................... +ṁ0.000453
    Smart rollup origination:
      Kind: arith
      Parameter type: string
      Kernel Blake2B hash: '8eb6ccf70902fcd3fa2040cf27dda202a71d85625516f22a0c9c67fc86057a7b'
      This smart rollup origination was successfully applied
      Consumed gas: 1930.436
      Storage size: 6552 bytes
      Address: [SMART_ROLLUP_HASH]
      Genesis commitment hash: [SC_ROLLUP_COMMITMENT_HASH]
      Balance updates:
        [PUBLIC_KEY_HASH] ... -ṁ1.638
        storage fees ........................... +ṁ1.638

Smart rollup [SMART_ROLLUP_HASH] memorized as "rollup"

./mavkit-client --wait none originate smart rollup rollup2 from bootstrap2 of kind arith of type string with kernel 31 --burn-cap 9999999
Node is bootstrapped.
Estimated gas: 1930.103 units (will add 100 for safety)
Estimated storage: 6552 bytes added (will add 20 for safety)
Operation successfully injected in the node.
Operation hash is '[OPERATION_HASH]'
NOT waiting for the operation to be included.
Use command
  mavkit-client wait for [OPERATION_HASH] to be included --confirmations 1 --branch [BLOCK_HASH]
and/or an external block explorer to make sure that it has been included.
This sequence of operations was run:
  Manager signed operations:
    From: [PUBLIC_KEY_HASH]
    Fee to the validator: ṁ0.00011
    Fee to the protocol treasury: ṁ0.00011
    Fee to the burn address: ṁ0.000223
    Expected counter: 1
    Gas limit: 2031
    Storage limit: 6572 bytes
    Balance updates:
      [PUBLIC_KEY_HASH] ... -ṁ0.000443
      total block fees ....................... +ṁ0.000443
    Smart rollup origination:
      Kind: arith
      Parameter type: string
      Kernel Blake2B hash: 'b682df8c87f218dfa8151f2eaafe20e6f8d87b243f8fe63de6d49485a8bf6eea'
      This smart rollup origination was successfully applied
      Consumed gas: 1930.070
      Storage size: 6552 bytes
      Address: [SMART_ROLLUP_HASH]
      Genesis commitment hash: [SC_ROLLUP_COMMITMENT_HASH]
      Balance updates:
        [PUBLIC_KEY_HASH] ... -ṁ1.638
        storage fees ........................... +ṁ1.638

Smart rollup [SMART_ROLLUP_HASH] memorized as "rollup2"

./mavkit-client rpc get '/chains/main/blocks/head/context/smart_rollups/smart_rollup/[SMART_ROLLUP_HASH]/genesis_info'
{ "level": 2,
  "commitment_hash": "[SC_ROLLUP_COMMITMENT_HASH]" }

./mavkit-client rpc get '/chains/main/blocks/head/context/smart_rollups/smart_rollup/[SMART_ROLLUP_HASH]/commitment/[SC_ROLLUP_COMMITMENT_HASH]'
{ "compressed_state":
    "[SC_ROLLUP_PVM_STATE_HASH]",
  "inbox_level": 2,
  "predecessor": "[SC_ROLLUP_COMMITMENT_HASH]",
  "number_of_ticks": "0" }

./mavkit-client rpc get '/chains/main/blocks/head/context/smart_rollups/smart_rollup/[SMART_ROLLUP_HASH]/genesis_info'
{ "level": 3,
  "commitment_hash": "[SC_ROLLUP_COMMITMENT_HASH]" }

./mavkit-client rpc get '/chains/main/blocks/head/context/smart_rollups/smart_rollup/[SMART_ROLLUP_HASH]/commitment/[SC_ROLLUP_COMMITMENT_HASH]'
{ "compressed_state":
    "[SC_ROLLUP_PVM_STATE_HASH]",
  "inbox_level": 3,
  "predecessor": "[SC_ROLLUP_COMMITMENT_HASH]",
  "number_of_ticks": "0" }
