
./mavkit-client --mode mockup rpc get /chains/main/blocks/head/context/liquidity_baking/cpmm_address
"KT1TxqZ8QtKvLu3V3JH7Gx58n7Co8pgtpQU5"

./mavkit-client --mode mockup get contract storage for KT1TxqZ8QtKvLu3V3JH7Gx58n7Co8pgtpQU5
Pair 1
     100
     100
     "KT1VqarPDicMFn1ejmQqqshUkUXTCTXwmkCN"
     "KT1AafHA1C1vk959wvHWBispY9Y2f3fxBUUo"

./mavkit-client --mode mockup call KT1VqarPDicMFn1ejmQqqshUkUXTCTXwmkCN from bootstrap1 --entrypoint mintOrBurn --arg '(Pair 100000000 "mv18Cw7psUrAAPBpXYd9CtCpHg9EgjHP9KTe")' --burn-cap 10
Node is bootstrapped.
Estimated gas: 2375.517 units (will add 100 for safety)
Estimated storage: 71 bytes added (will add 20 for safety)
Operation successfully injected in the node.
Operation hash is 'opZSKtjf9AhrR1Vh2BowDymYPbnvLp9oDS5wA4zVECqPJXvB4tM'
NOT waiting for the operation to be included.
Use command
  mavkit-client wait for opZSKtjf9AhrR1Vh2BowDymYPbnvLp9oDS5wA4zVECqPJXvB4tM to be included --confirmations 1 --branch BLockGenesisGenesisGenesisGenesisGenesisCCCCCeZiLHU
and/or an external block explorer to make sure that it has been included.
This sequence of operations was run:
  Manager signed operations:
    From: mv18Cw7psUrAAPBpXYd9CtCpHg9EgjHP9KTe
    Fee to the baker: ṁ0.00014
    Fee to the protocol treasury: ṁ0.00014
    Fee to the burn address: ṁ0.00028
    Expected counter: 1
    Gas limit: 2476
    Storage limit: 91 bytes
    Balance updates:
      mv18Cw7psUrAAPBpXYd9CtCpHg9EgjHP9KTe ... -ṁ0.00056
      total block fees ....................... +ṁ0.00056
    Transaction:
      Amount: ṁ0
      From: mv18Cw7psUrAAPBpXYd9CtCpHg9EgjHP9KTe
      To: KT1VqarPDicMFn1ejmQqqshUkUXTCTXwmkCN
      Entrypoint: mintOrBurn
      Parameter: (Pair 100000000 "mv18Cw7psUrAAPBpXYd9CtCpHg9EgjHP9KTe")
      This transaction was successfully applied
      Updated storage:
        { 0 ; 1 ; 0x000002298c03ed7d454a101eb7022bc95f7e5f41ac78 ; 100010000 }
      Updated big_maps:
        Set map(0)[0x000002298c03ed7d454a101eb7022bc95f7e5f41ac78] to 100000000
      Storage size: 1982 bytes
      Paid storage size diff: 71 bytes
      Consumed gas: 2375.537
      Balance updates:
        mv18Cw7psUrAAPBpXYd9CtCpHg9EgjHP9KTe ... -ṁ0.01775
        storage fees ........................... +ṁ0.01775


./mavkit-client --mode mockup call KT1VqarPDicMFn1ejmQqqshUkUXTCTXwmkCN from bootstrap1 --entrypoint approve --arg '(Pair "KT1TxqZ8QtKvLu3V3JH7Gx58n7Co8pgtpQU5" 1000000000)' --burn-cap 10
Node is bootstrapped.
Estimated gas: 2377.220 units (will add 100 for safety)
Estimated storage: 71 bytes added (will add 20 for safety)
Operation successfully injected in the node.
Operation hash is 'op968yui6vHCCztECXMB24FEWbMUHed9jQkXbhL5WGM8wXJw96Q'
NOT waiting for the operation to be included.
Use command
  mavkit-client wait for op968yui6vHCCztECXMB24FEWbMUHed9jQkXbhL5WGM8wXJw96Q to be included --confirmations 1 --branch BLockGenesisGenesisGenesisGenesisGenesisCCCCCeZiLHU
and/or an external block explorer to make sure that it has been included.
This sequence of operations was run:
  Manager signed operations:
    From: mv18Cw7psUrAAPBpXYd9CtCpHg9EgjHP9KTe
    Fee to the baker: ṁ0.000139
    Fee to the protocol treasury: ṁ0.000139
    Fee to the burn address: ṁ0.00028
    Expected counter: 2
    Gas limit: 2478
    Storage limit: 91 bytes
    Balance updates:
      mv18Cw7psUrAAPBpXYd9CtCpHg9EgjHP9KTe ... -ṁ0.000558
      total block fees ....................... +ṁ0.000558
    Transaction:
      Amount: ṁ0
      From: mv18Cw7psUrAAPBpXYd9CtCpHg9EgjHP9KTe
      To: KT1VqarPDicMFn1ejmQqqshUkUXTCTXwmkCN
      Entrypoint: approve
      Parameter: (Pair "KT1TxqZ8QtKvLu3V3JH7Gx58n7Co8pgtpQU5" 1000000000)
      This transaction was successfully applied
      Updated storage:
        { 0 ; 1 ; 0x000002298c03ed7d454a101eb7022bc95f7e5f41ac78 ; 100010000 }
      Updated big_maps:
        Set map(1)[(Pair 0x000002298c03ed7d454a101eb7022bc95f7e5f41ac78
              0x01d496def47a3be89f5d54c6e6bb13cc6645d6e16600)] to 1000000000
      Storage size: 2053 bytes
      Paid storage size diff: 71 bytes
      Consumed gas: 2377.240
      Balance updates:
        mv18Cw7psUrAAPBpXYd9CtCpHg9EgjHP9KTe ... -ṁ0.01775
        storage fees ........................... +ṁ0.01775


./mavkit-client --mode mockup call KT1VqarPDicMFn1ejmQqqshUkUXTCTXwmkCN from bootstrap2 --entrypoint approve --arg '(Pair "KT1TxqZ8QtKvLu3V3JH7Gx58n7Co8pgtpQU5" 1000000000)' --burn-cap 10
Node is bootstrapped.
Estimated gas: 2377.220 units (will add 100 for safety)
Estimated storage: 71 bytes added (will add 20 for safety)
Operation successfully injected in the node.
Operation hash is 'op8vSFsuf9xDtpELfAXrAD31oBWvx4kvW2QWoEBUKqsiADKYgZB'
NOT waiting for the operation to be included.
Use command
  mavkit-client wait for op8vSFsuf9xDtpELfAXrAD31oBWvx4kvW2QWoEBUKqsiADKYgZB to be included --confirmations 1 --branch BLockGenesisGenesisGenesisGenesisGenesisCCCCCeZiLHU
and/or an external block explorer to make sure that it has been included.
This sequence of operations was run:
  Manager signed operations:
    From: mv1V73YiKvinVumxwvYWjCZBoT44wqBNhta7
    Fee to the baker: ṁ0.000139
    Fee to the protocol treasury: ṁ0.000139
    Fee to the burn address: ṁ0.00028
    Expected counter: 1
    Gas limit: 2478
    Storage limit: 91 bytes
    Balance updates:
      mv1V73YiKvinVumxwvYWjCZBoT44wqBNhta7 ... -ṁ0.000558
      total block fees ....................... +ṁ0.000558
    Transaction:
      Amount: ṁ0
      From: mv1V73YiKvinVumxwvYWjCZBoT44wqBNhta7
      To: KT1VqarPDicMFn1ejmQqqshUkUXTCTXwmkCN
      Entrypoint: approve
      Parameter: (Pair "KT1TxqZ8QtKvLu3V3JH7Gx58n7Co8pgtpQU5" 1000000000)
      This transaction was successfully applied
      Updated storage:
        { 0 ; 1 ; 0x000002298c03ed7d454a101eb7022bc95f7e5f41ac78 ; 100010000 }
      Updated big_maps:
        Set map(1)[(Pair 0x0000e7670f32038107a59a2b9cfefae36ea21f5aa63c
              0x01d496def47a3be89f5d54c6e6bb13cc6645d6e16600)] to 1000000000
      Storage size: 2124 bytes
      Paid storage size diff: 71 bytes
      Consumed gas: 2377.240
      Balance updates:
        mv1V73YiKvinVumxwvYWjCZBoT44wqBNhta7 ... -ṁ0.01775
        storage fees ........................... +ṁ0.01775


./mavkit-client --mode mockup call KT1VqarPDicMFn1ejmQqqshUkUXTCTXwmkCN from bootstrap3 --entrypoint approve --arg '(Pair "KT1TxqZ8QtKvLu3V3JH7Gx58n7Co8pgtpQU5" 1000000000)' --burn-cap 10
Node is bootstrapped.
Estimated gas: 2377.220 units (will add 100 for safety)
Estimated storage: 71 bytes added (will add 20 for safety)
Operation successfully injected in the node.
Operation hash is 'opG2xrHRo7XfsfQ6ury6ArfyEJ7SbyhGtpuMS5nTuqjV78pJbh8'
NOT waiting for the operation to be included.
Use command
  mavkit-client wait for opG2xrHRo7XfsfQ6ury6ArfyEJ7SbyhGtpuMS5nTuqjV78pJbh8 to be included --confirmations 1 --branch BLockGenesisGenesisGenesisGenesisGenesisCCCCCeZiLHU
and/or an external block explorer to make sure that it has been included.
This sequence of operations was run:
  Manager signed operations:
    From: mv1TxMEnmav51G1Hwcib1rBnBeniDMgG8nkJ
    Fee to the baker: ṁ0.000139
    Fee to the protocol treasury: ṁ0.000139
    Fee to the burn address: ṁ0.00028
    Expected counter: 1
    Gas limit: 2478
    Storage limit: 91 bytes
    Balance updates:
      mv1TxMEnmav51G1Hwcib1rBnBeniDMgG8nkJ ... -ṁ0.000558
      total block fees ....................... +ṁ0.000558
    Transaction:
      Amount: ṁ0
      From: mv1TxMEnmav51G1Hwcib1rBnBeniDMgG8nkJ
      To: KT1VqarPDicMFn1ejmQqqshUkUXTCTXwmkCN
      Entrypoint: approve
      Parameter: (Pair "KT1TxqZ8QtKvLu3V3JH7Gx58n7Co8pgtpQU5" 1000000000)
      This transaction was successfully applied
      Updated storage:
        { 0 ; 1 ; 0x000002298c03ed7d454a101eb7022bc95f7e5f41ac78 ; 100010000 }
      Updated big_maps:
        Set map(1)[(Pair 0x0000dac9f52543da1aed0bc1d6b46bf7c10db7014cd6
              0x01d496def47a3be89f5d54c6e6bb13cc6645d6e16600)] to 1000000000
      Storage size: 2195 bytes
      Paid storage size diff: 71 bytes
      Consumed gas: 2377.240
      Balance updates:
        mv1TxMEnmav51G1Hwcib1rBnBeniDMgG8nkJ ... -ṁ0.01775
        storage fees ........................... +ṁ0.01775


./mavkit-client --mode mockup --wait none transfer 9001 from bootstrap1 to KT1TxqZ8QtKvLu3V3JH7Gx58n7Co8pgtpQU5 --burn-cap 10 --entrypoint addLiquidity --arg '(Pair "mv18Cw7psUrAAPBpXYd9CtCpHg9EgjHP9KTe" 0 1000000000 "2050-01-01T00:00:00Z")'
Node is bootstrapped.
Estimated gas: 9123.388 units (will add 100 for safety)
Estimated storage: 153 bytes added (will add 20 for safety)
Operation successfully injected in the node.
Operation hash is 'oo31zaJMpgxXBLLHcyc8B1HAr7ZWAEX5ccfw7p2aLvA4WVLfHCb'
NOT waiting for the operation to be included.
Use command
  mavkit-client wait for oo31zaJMpgxXBLLHcyc8B1HAr7ZWAEX5ccfw7p2aLvA4WVLfHCb to be included --confirmations 1 --branch BLockGenesisGenesisGenesisGenesisGenesisCCCCCeZiLHU
and/or an external block explorer to make sure that it has been included.
This sequence of operations was run:
  Manager signed operations:
    From: mv18Cw7psUrAAPBpXYd9CtCpHg9EgjHP9KTe
    Fee to the baker: ṁ0.000319
    Fee to the protocol treasury: ṁ0.000319
    Fee to the burn address: ṁ0.00064
    Expected counter: 3
    Gas limit: 9224
    Storage limit: 173 bytes
    Balance updates:
      mv18Cw7psUrAAPBpXYd9CtCpHg9EgjHP9KTe ... -ṁ0.001278
      total block fees ....................... +ṁ0.001278
    Transaction:
      Amount: ṁ9001
      From: mv18Cw7psUrAAPBpXYd9CtCpHg9EgjHP9KTe
      To: KT1TxqZ8QtKvLu3V3JH7Gx58n7Co8pgtpQU5
      Entrypoint: addLiquidity
      Parameter: (Pair "mv18Cw7psUrAAPBpXYd9CtCpHg9EgjHP9KTe" 0 1000000000 "2050-01-01T00:00:00Z")
      This transaction was successfully applied
      Updated storage:
        { 90010001 ;
          9001000100 ;
          9001000100 ;
          0x01e927f00ef734dfc85919635e9afc9166c83ef9fc00 ;
          0x0115eb0104481a6d7921160bc982c5e0a561cd8a3a00 }
      Storage size: 3883 bytes
      Paid storage size diff: 9 bytes
      Consumed gas: 3131.977
      Balance updates:
        mv18Cw7psUrAAPBpXYd9CtCpHg9EgjHP9KTe ... -ṁ0.00225
        storage fees ........................... +ṁ0.00225
        mv18Cw7psUrAAPBpXYd9CtCpHg9EgjHP9KTe ... -ṁ9001
        KT1TxqZ8QtKvLu3V3JH7Gx58n7Co8pgtpQU5 ... +ṁ9001
      Internal operations:
        Internal Transaction:
          Amount: ṁ0
          From: KT1TxqZ8QtKvLu3V3JH7Gx58n7Co8pgtpQU5
          To: KT1VqarPDicMFn1ejmQqqshUkUXTCTXwmkCN
          Entrypoint: transfer
          Parameter: (Pair 0x000002298c03ed7d454a101eb7022bc95f7e5f41ac78
                           (Pair 0x01d496def47a3be89f5d54c6e6bb13cc6645d6e16600 90010000))
          This transaction was successfully applied
          Updated storage:
            { 0 ; 1 ; 0x000002298c03ed7d454a101eb7022bc95f7e5f41ac78 ; 100010000 }
          Updated big_maps:
            Set map(1)[(Pair 0x000002298c03ed7d454a101eb7022bc95f7e5f41ac78
                  0x01d496def47a3be89f5d54c6e6bb13cc6645d6e16600)] to 909990000
            Set map(0)[0x000002298c03ed7d454a101eb7022bc95f7e5f41ac78] to 9990000
            Set map(0)[0x01d496def47a3be89f5d54c6e6bb13cc6645d6e16600] to 90010000
          Storage size: 2265 bytes
          Paid storage size diff: 70 bytes
          Consumed gas: 3690.952
          Balance updates:
            mv18Cw7psUrAAPBpXYd9CtCpHg9EgjHP9KTe ... -ṁ0.0175
            storage fees ........................... +ṁ0.0175
        Internal Transaction:
          Amount: ṁ0
          From: KT1TxqZ8QtKvLu3V3JH7Gx58n7Co8pgtpQU5
          To: KT1AafHA1C1vk959wvHWBispY9Y2f3fxBUUo
          Entrypoint: mintOrBurn
          Parameter: (Pair 9001000000 0x000002298c03ed7d454a101eb7022bc95f7e5f41ac78)
          This transaction was successfully applied
          Updated storage:
            { 2 ; 3 ; 0x01d496def47a3be89f5d54c6e6bb13cc6645d6e16600 ; 9001000100 }
          Updated big_maps:
            Set map(2)[0x000002298c03ed7d454a101eb7022bc95f7e5f41ac78] to 9001000000
          Storage size: 2052 bytes
          Paid storage size diff: 74 bytes
          Consumed gas: 2300.511
          Balance updates:
            mv18Cw7psUrAAPBpXYd9CtCpHg9EgjHP9KTe ... -ṁ0.0185
            storage fees ........................... +ṁ0.0185


./mavkit-client --mode mockup --wait none transfer 9001 from bootstrap2 to KT1TxqZ8QtKvLu3V3JH7Gx58n7Co8pgtpQU5 --burn-cap 10 --entrypoint xtzToToken --arg '(Pair "mv1V73YiKvinVumxwvYWjCZBoT44wqBNhta7" 0 "2050-01-01T00:00:00Z")'
Node is bootstrapped.
Estimated gas: 5697.111 units (will add 100 for safety)
Estimated storage: 71 bytes added (will add 20 for safety)
Operation successfully injected in the node.
Operation hash is 'ooi1Hdnbs3mRB9FrRWNYGFTH6k1CJkzgR9ZBkPMmYHNf1gehLgd'
NOT waiting for the operation to be included.
Use command
  mavkit-client wait for ooi1Hdnbs3mRB9FrRWNYGFTH6k1CJkzgR9ZBkPMmYHNf1gehLgd to be included --confirmations 1 --branch BLockGenesisGenesisGenesisGenesisGenesisCCCCCeZiLHU
and/or an external block explorer to make sure that it has been included.
This sequence of operations was run:
  Manager signed operations:
    From: mv1V73YiKvinVumxwvYWjCZBoT44wqBNhta7
    Fee to the baker: ṁ0.000231
    Fee to the protocol treasury: ṁ0.000231
    Fee to the burn address: ṁ0.000464
    Expected counter: 2
    Gas limit: 5798
    Storage limit: 91 bytes
    Balance updates:
      mv1V73YiKvinVumxwvYWjCZBoT44wqBNhta7 ... -ṁ0.000926
      total block fees ....................... +ṁ0.000926
    Transaction:
      Amount: ṁ9001
      From: mv1V73YiKvinVumxwvYWjCZBoT44wqBNhta7
      To: KT1TxqZ8QtKvLu3V3JH7Gx58n7Co8pgtpQU5
      Entrypoint: xtzToToken
      Parameter: (Pair "mv1V73YiKvinVumxwvYWjCZBoT44wqBNhta7" 0 "2050-01-01T00:00:00Z")
      This transaction was successfully applied
      Updated storage:
        { 45050029 ;
          17992999100 ;
          9001000100 ;
          0x01e927f00ef734dfc85919635e9afc9166c83ef9fc00 ;
          0x0115eb0104481a6d7921160bc982c5e0a561cd8a3a00 }
      Storage size: 3884 bytes
      Paid storage size diff: 1 bytes
      Consumed gas: 2602.702
      Balance updates:
        mv1V73YiKvinVumxwvYWjCZBoT44wqBNhta7 ... -ṁ0.00025
        storage fees ........................... +ṁ0.00025
        mv1V73YiKvinVumxwvYWjCZBoT44wqBNhta7 ... -ṁ9001
        KT1TxqZ8QtKvLu3V3JH7Gx58n7Co8pgtpQU5 ... +ṁ9001
      Internal operations:
        Internal Transaction:
          Amount: ṁ0
          From: KT1TxqZ8QtKvLu3V3JH7Gx58n7Co8pgtpQU5
          To: KT1VqarPDicMFn1ejmQqqshUkUXTCTXwmkCN
          Entrypoint: transfer
          Parameter: (Pair 0x01d496def47a3be89f5d54c6e6bb13cc6645d6e16600
                           (Pair 0x0000e7670f32038107a59a2b9cfefae36ea21f5aa63c 44959972))
          This transaction was successfully applied
          Updated storage:
            { 0 ; 1 ; 0x000002298c03ed7d454a101eb7022bc95f7e5f41ac78 ; 100010000 }
          Updated big_maps:
            Set map(0)[0x01d496def47a3be89f5d54c6e6bb13cc6645d6e16600] to 45050028
            Set map(0)[0x0000e7670f32038107a59a2b9cfefae36ea21f5aa63c] to 44959972
          Storage size: 2335 bytes
          Paid storage size diff: 70 bytes
          Consumed gas: 2994.428
          Balance updates:
            mv1V73YiKvinVumxwvYWjCZBoT44wqBNhta7 ... -ṁ0.0175
            storage fees ........................... +ṁ0.0175
        Internal Transaction:
          Amount: ṁ9.001
          From: KT1TxqZ8QtKvLu3V3JH7Gx58n7Co8pgtpQU5
          To: mv18Cw7psUrAAPBpXYd9CtCpHg9EgjHP9KTe
          This transaction was successfully applied
          Consumed gas: 100
          Balance updates:
            KT1TxqZ8QtKvLu3V3JH7Gx58n7Co8pgtpQU5 ... -ṁ9.001
            mv18Cw7psUrAAPBpXYd9CtCpHg9EgjHP9KTe ... +ṁ9.001


./mavkit-client --mode mockup call KT1VqarPDicMFn1ejmQqqshUkUXTCTXwmkCN from bootstrap2 --entrypoint transfer --arg '(Pair "mv1V73YiKvinVumxwvYWjCZBoT44wqBNhta7" "mv1TxMEnmav51G1Hwcib1rBnBeniDMgG8nkJ" 100)' --burn-cap 10
Node is bootstrapped.
Estimated gas: 3075.670 units (will add 100 for safety)
Estimated storage: 68 bytes added (will add 20 for safety)
Operation successfully injected in the node.
Operation hash is 'opQL55RTfhACsdmR6Fg9Xg1m6UU8ZCfVVFYNMe5nA1DHQx6QuDT'
NOT waiting for the operation to be included.
Use command
  mavkit-client wait for opQL55RTfhACsdmR6Fg9Xg1m6UU8ZCfVVFYNMe5nA1DHQx6QuDT to be included --confirmations 1 --branch BLockGenesisGenesisGenesisGenesisGenesisCCCCCeZiLHU
and/or an external block explorer to make sure that it has been included.
This sequence of operations was run:
  Manager signed operations:
    From: mv1V73YiKvinVumxwvYWjCZBoT44wqBNhta7
    Fee to the baker: ṁ0.000168
    Fee to the protocol treasury: ṁ0.000168
    Fee to the burn address: ṁ0.000339
    Expected counter: 3
    Gas limit: 3176
    Storage limit: 88 bytes
    Balance updates:
      mv1V73YiKvinVumxwvYWjCZBoT44wqBNhta7 ... -ṁ0.000675
      total block fees ....................... +ṁ0.000675
    Transaction:
      Amount: ṁ0
      From: mv1V73YiKvinVumxwvYWjCZBoT44wqBNhta7
      To: KT1VqarPDicMFn1ejmQqqshUkUXTCTXwmkCN
      Entrypoint: transfer
      Parameter: (Pair "mv1V73YiKvinVumxwvYWjCZBoT44wqBNhta7"
                       "mv1TxMEnmav51G1Hwcib1rBnBeniDMgG8nkJ"
                       100)
      This transaction was successfully applied
      Updated storage:
        { 0 ; 1 ; 0x000002298c03ed7d454a101eb7022bc95f7e5f41ac78 ; 100010000 }
      Updated big_maps:
        Set map(0)[0x0000dac9f52543da1aed0bc1d6b46bf7c10db7014cd6] to 100
        Set map(0)[0x0000e7670f32038107a59a2b9cfefae36ea21f5aa63c] to 44959872
      Storage size: 2403 bytes
      Paid storage size diff: 68 bytes
      Consumed gas: 3075.690
      Balance updates:
        mv1V73YiKvinVumxwvYWjCZBoT44wqBNhta7 ... -ṁ0.017
        storage fees ........................... +ṁ0.017


./mavkit-client --mode mockup call KT1TxqZ8QtKvLu3V3JH7Gx58n7Co8pgtpQU5 from bootstrap3 --entrypoint tokenToXtz --arg '(Pair "mv1TxMEnmav51G1Hwcib1rBnBeniDMgG8nkJ" 100 0 "2050-01-01T00:00:00Z")' --burn-cap 10
Node is bootstrapped.
Estimated gas: 6693.736 units (will add 100 for safety)
Estimated storage: no bytes added
Operation successfully injected in the node.
Operation hash is 'opPLZcvf6hndGGkv9h9TCyHpGtR22iY24N6zbKpwRZTmQb1VUfy'
NOT waiting for the operation to be included.
Use command
  mavkit-client wait for opPLZcvf6hndGGkv9h9TCyHpGtR22iY24N6zbKpwRZTmQb1VUfy to be included --confirmations 1 --branch BLockGenesisGenesisGenesisGenesisGenesisCCCCCeZiLHU
and/or an external block explorer to make sure that it has been included.
This sequence of operations was run:
  Manager signed operations:
    From: mv1TxMEnmav51G1Hwcib1rBnBeniDMgG8nkJ
    Fee to the baker: ṁ0.000256
    Fee to the protocol treasury: ṁ0.000256
    Fee to the burn address: ṁ0.000513
    Expected counter: 2
    Gas limit: 6794
    Storage limit: 0 bytes
    Balance updates:
      mv1TxMEnmav51G1Hwcib1rBnBeniDMgG8nkJ ... -ṁ0.001025
      total block fees ....................... +ṁ0.001025
    Transaction:
      Amount: ṁ0
      From: mv1TxMEnmav51G1Hwcib1rBnBeniDMgG8nkJ
      To: KT1TxqZ8QtKvLu3V3JH7Gx58n7Co8pgtpQU5
      Entrypoint: tokenToXtz
      Parameter: (Pair "mv1TxMEnmav51G1Hwcib1rBnBeniDMgG8nkJ" 100 0 "2050-01-01T00:00:00Z")
      This transaction was successfully applied
      Updated storage:
        { 45050129 ;
          17992959200 ;
          9001000100 ;
          0x01e927f00ef734dfc85919635e9afc9166c83ef9fc00 ;
          0x0115eb0104481a6d7921160bc982c5e0a561cd8a3a00 }
      Storage size: 3884 bytes
      Consumed gas: 2602.941
      Internal operations:
        Internal Transaction:
          Amount: ṁ0
          From: KT1TxqZ8QtKvLu3V3JH7Gx58n7Co8pgtpQU5
          To: KT1VqarPDicMFn1ejmQqqshUkUXTCTXwmkCN
          Entrypoint: transfer
          Parameter: (Pair 0x0000dac9f52543da1aed0bc1d6b46bf7c10db7014cd6
                           (Pair 0x01d496def47a3be89f5d54c6e6bb13cc6645d6e16600 100))
          This transaction was successfully applied
          Updated storage:
            { 0 ; 1 ; 0x000002298c03ed7d454a101eb7022bc95f7e5f41ac78 ; 100010000 }
          Updated big_maps:
            Set map(1)[(Pair 0x0000dac9f52543da1aed0bc1d6b46bf7c10db7014cd6
                  0x01d496def47a3be89f5d54c6e6bb13cc6645d6e16600)] to 999999900
            Unset map(0)[0x0000dac9f52543da1aed0bc1d6b46bf7c10db7014cd6]
            Set map(0)[0x01d496def47a3be89f5d54c6e6bb13cc6645d6e16600] to 45050128
          Storage size: 2335 bytes
          Consumed gas: 3890.815
        Internal Transaction:
          Amount: ṁ0.03986
          From: KT1TxqZ8QtKvLu3V3JH7Gx58n7Co8pgtpQU5
          To: mv1TxMEnmav51G1Hwcib1rBnBeniDMgG8nkJ
          This transaction was successfully applied
          Consumed gas: 100
          Balance updates:
            KT1TxqZ8QtKvLu3V3JH7Gx58n7Co8pgtpQU5 ... -ṁ0.03986
            mv1TxMEnmav51G1Hwcib1rBnBeniDMgG8nkJ ... +ṁ0.03986
        Internal Transaction:
          Amount: ṁ0.00004
          From: KT1TxqZ8QtKvLu3V3JH7Gx58n7Co8pgtpQU5
          To: mv18Cw7psUrAAPBpXYd9CtCpHg9EgjHP9KTe
          This transaction was successfully applied
          Consumed gas: 100
          Balance updates:
            KT1TxqZ8QtKvLu3V3JH7Gx58n7Co8pgtpQU5 ... -ṁ0.00004
            mv18Cw7psUrAAPBpXYd9CtCpHg9EgjHP9KTe ... +ṁ0.00004


./mavkit-client --mode mockup get contract storage for KT1AafHA1C1vk959wvHWBispY9Y2f3fxBUUo
Pair 2 3 "KT1TxqZ8QtKvLu3V3JH7Gx58n7Co8pgtpQU5" 9001000100

./mavkit-client --mode mockup get contract storage for KT1VqarPDicMFn1ejmQqqshUkUXTCTXwmkCN
Pair 0 1 "mv18Cw7psUrAAPBpXYd9CtCpHg9EgjHP9KTe" 100010000
