
./mavkit-codec encode 001-PtAtLas.vote.ballots from '{
  "yay": "2147483647",
  "nay": "0",
  "pass": "455"
}'
000000007fffffff000000000000000000000000000001c7

./mavkit-codec decode 001-PtAtLas.vote.ballots from 000000007fffffff000000000000000000000000000001c7
{ "yay": "2147483647", "nay": "0", "pass": "455" }
