
./mavkit-codec encode 001-PtAtLas.period from '"2789"'
0000000000000ae5

./mavkit-codec decode 001-PtAtLas.period from 0000000000000ae5
"2789"

./mavkit-codec encode 001-PtAtLas.period from '"0"'
0000000000000000

./mavkit-codec decode 001-PtAtLas.period from 0000000000000000
"0"
