
./mavkit-codec encode 001-PtAtLas.gas.cost from '"8920392083423078"'
a6fd9d9694c3d81f

./mavkit-codec decode 001-PtAtLas.gas.cost from a6fd9d9694c3d81f
"8920392083423078"

./mavkit-codec encode 001-PtAtLas.gas.cost from '"0"'
00

./mavkit-codec decode 001-PtAtLas.gas.cost from 00
"0"
