
./mavkit-codec encode 002-PtBoreas.nonce from '"0000000000000000000000000000000000000000000000000000000000000000"'
0000000000000000000000000000000000000000000000000000000000000000

./mavkit-codec decode 002-PtBoreas.nonce from 0000000000000000000000000000000000000000000000000000000000000000
"0000000000000000000000000000000000000000000000000000000000000000"
