
./mavkit-codec encode 002-PtBoreas.voting_period from '{
  "start_position": 1159026,
  "kind": "proposal",
  "index": 0
}'
00000000000011af72

./mavkit-codec decode 002-PtBoreas.voting_period from 00000000000011af72
{ "index": 0, "kind": "proposal", "start_position": 1159026 }

./mavkit-codec encode 002-PtBoreas.voting_period from '{
  "start_position": 0,
  "kind": "proposal",
  "index": 0
}'
000000000000000000

./mavkit-codec decode 002-PtBoreas.voting_period from 000000000000000000
{ "index": 0, "kind": "proposal", "start_position": 0 }
