
./octez-codec encode 017-PtNairob.mav from '"7322135"'
97f4be03

./octez-codec decode 017-PtNairob.mav from 97f4be03
"7322135"

./octez-codec encode 017-PtNairob.mav from '"0"'
00

./octez-codec decode 017-PtNairob.mav from 00
"0"
