
./octez-codec encode 018-Proxford.mav from '"7322135"'
97f4be03

./octez-codec decode 018-Proxford.mav from 97f4be03
"7322135"

./octez-codec encode 018-Proxford.mav from '"0"'
00

./octez-codec decode 018-Proxford.mav from 00
"0"
