
./octez-codec encode 020-PsParisC.vote.ballots from '{
  "yay": "2147483647",
  "nay": "0",
  "pass": "455"
}'
000000007fffffff000000000000000000000000000001c7

./octez-codec decode 020-PsParisC.vote.ballots from 000000007fffffff000000000000000000000000000001c7
{ "yay": "2147483647", "nay": "0", "pass": "455" }
