CoVSChpcjAcebAp9JeNnAupyE66GVGe73woAHVHFprxBan5vv2eL
CoUqBmWKfP7eNE261HGyTbHLP83dSfqztxEv3kt1TjbDQE5XrtN5
CoVJhJm5QTYURAYL5kC1ckZj2WGCAtiW6FQjTgk5a4FY9SCiQ1CH
CoW89QqLpwryXY7AYemtgZbsv2nEngcGRuADFbzGyLbUL7DYLvhE
CoUf9MGtvpm1j4WB2HPk6AZoKzyZZMH1vfbyaM429rhMXXDF1McL
CoVHi9N3XDKDjQyvazNApK1QnUuEQKC6kvbsv44ZBRnvFgHhGfdU
CoWWnxZL5SRzMZ78Rk6m3oWXx24648i9KbkrwVtdAiquoiwfZufL
CoWMczhC73tLSXAkVTaYbAAEsx8fRNnbQ2jj6fQSM76EARJXhTVe
CoVsv21EyHEJY7xXg1PUuxDmYSNnHkXshUXFDf5NjwcpaKidYQDX
CoVmxtt31F33wxZGpbWa8edXEB4AYAnrV7UfLDnGyjpkLpVFsKLe
CoVFXB3w2QTBRDz9gwfDerQdTUdP2CEbPTNhhv3WQR4EQhURHiwL
CoWJF8dTknvqe1uTC5B6xxYvzfpePQF8XwKogoZmSvuRFZakHWZC
CoW7NAEQyLxTKbuUTQwn5uHPkY8eHePhRtqtYY9LCRFv4phjfde9
CoVMRg3h85PgoENGFzsevZNMJVvoCdHKaVVkf1muW4RRLMyjcanJ
CoVq2kquGPGN2tJcgwUsSBvpoUpdXUc8Wnecr67y9a87M6kU4vGy
CoWUSAE4MW7Y7xLbDE8eoE23as1RxHf7RP3JedwkoAiACYhZwnji
CoVnXRm4RBCKrhyTNNv3SH1cRW3GAiLif3VgkSWZ6Jk8DeLYvH1Z
CoUvQ2Ek25oghFcyeguR9jnghKob11ys1SeEnx8asFavwPGYUU3d
CoW2mP7YjC5L6PbX4irxngrNuJh9oNBBMm41iUM2fhuEAX42NBMf
CoUui3VdZKe4HVZ6GM71YTKEx2Fi4W73pgV9VLJjpwQPySM3Y5ej
CoWAB6zeG52c592ftzxF46rct6C9WWtna2UN2AN2fTQ2z5NqkV9D
CoVr5CNnddxus1r8kwnz5NjR2VtexFDhGE7km6Bfdo6Smj2SbPHQ
CoV456toWh136i6TV8mK3LgmJj8Zj25T4WTS1UFEKdF4FmKjCDwm
CoV3LqHj25SSJGy8Uqe4rvLLE6RQeXvpVnwuLCxtMRpQ3MJZkpW1
CoUm7WeAvEMiawxWNpyCgCThDaqwduuErTu62f9nwgLNEsM2kqNc
CoV6QDQmvaWzKpbVHkQGsxN4jvKmRFV8ino3MaFkGbAUvbBXZV9g
CoVKxqV63h5EEFBbHxiKsaSDvFGmJieTRurR5UFDKLZmK2rQafda
CoV9Wd8oyRnXG22s4wX61Tw9X6N8BDS5qmaPt3A15w5sziCSMibM
CoWZJkhRAqk5Twp7WjTNAHwwcimt8C4RgeXfEsspgESnUr8EAQBs
CoVE8GoftAtwoPLB3GS2yN3tpjyNgHPfaS6qnL1GvjGc8KfbDn4f
CoVZvtSWHy7R1zf7YkwiEwXUHKBpGWdAEUipbLzGg2uguv5aArDT
CoVD84rs6eL2pP913sykk7NvtCWvKJ7iGwNbVjQeVmsUuZ4dnuaX
CoVrNdMiZsq1eA41vDgzQZyyYR3YTRaroTHh62bbpgVTvKxLHbDD
CoWV9dKoeMPtT6jmjMjPU3jQEFKApTZswoivbAAv7GTR3oJ1Mqg3
CoVUNcgDUYNuoDkezurn2LeGRMj8UQbnFfdLK91sowJA28chETky
CoW9SE5U6NrvC8YHsBeaeobjrChb1ZJD79WXjkW2PsdPY5eGkVWH
CoVTXJkhvswVk4Y5GQYtx32ANt9sWYd2FhEhoXX4oyGaNUn1SmUY
CoVywzC64nU17aTTTqd2puQ1E8Ws7rkyirpKY7oRknbEhnoSdgAW
CoWBbCFT4JiGsxuhtDBxnVJgkMu7gz7JzJKgRk3RK6LKaJyhi3zK
CoVixdYjtRFcfvkiiikGhHdLuSNYSBF7LQMJmpwq1SmsZ28kWUQS
CoVz7qp3T1hNnVScy32r14sg94hp58BWPwHM7agBZ8DHiEFuk9Y3
CoUvy1XHPcvJZZEJwCARb4yFP75VVxP5KLCnF88vaCMAs3TA2unv
CoW1F3jimz8DYhfPVjXhfmGFjZp2qih1iR6DvyXLf7eMynfnGNfi
CoVV7MSu3DVvgduciVdGpVSCAfDZX8tGZ3XfnzUQ3SeFkKVg7vXY
CoWVhSFgDawhZaLSrmPRNbWo2TekmTvwZ7ZVu92D8ACP3ewb4dCz
CoWH93JTU6ffGSpXFTxKDuMc1CzFqT5VYLVwJVJnF8RTSdytQbJ3
CoV1z8JpFVU8wScpKvdYdmACjYZihRHEhhrY5CEhmtmrZhDkM522
CoVBzqxxayd9Y2Zz6kUHP3Ri1zAAGkTUrym617QXBYBaLVU26ZmH
CoWYHYh4dt9va26UiCm8ZPBeG23CyU6h9MD6Agjh5ehimnRZ5s33
CoVDe3Fmh8MTJS6aBuBNcTmUh74byuEpTsjJSxnomsTkzbP2GGne
CoVm9jztdkjgQb7jn5FpaNSHciJ5B4Zoz7x9d6DUcb1pcMPzsz89
CoUjBoeUDJeMediGyJU7PmJP8fHZjMGc3fcbdadNZU2zP5MLrJrw
CoWN5zJAh3zSVa4ZMRrRCcSJWWafcJakwZCK9hBcihQbEsBRBbE8
CoW55h58PQTqtHPmRkc4t14KxR4UczFUwwCEZYRohSezyGXerhaj
CoUydvPexk1YGtaxWTZvfSh5SvYzpjjY3BjXoTEXNbHZeKk8xLLQ
CoVAARs3NxcCXJrwFjXDKTrsroxA22uTJtR8JLQmk7ZeoaWuB5mN
CoVH8L29pdm5LB1V1hXNwjBWE2ZN7qJfesEr3F2ZWPEMa5xDciR5
CoUpJQZtryMaMt9nNW7YD6psNfEQQLSEoR5mRSPemMvxz4k637KP
CoUksBxw2gY21Xy2bMVQ5KMMBfTL61Mi5JFCx3c2oQnNCz91MNTP
CoW3N5QDupj7J9rJ9MWGMptPkEf4iYmPhtw9frrVb7LkoWWFJaPJ
CoWNW2CiMH2GT69E5WQVijCQjH26E2L22p97tbffeSeswhyahxiQ
CoWNSQtDuABimRSfBcia7Q3opwFbQMzGa3icBKdoBh84hSA2jHbi
CoVfKjvQgjxPn76wH9ctZx9pJocPrsz9xnjRZE3LvgxoTnAuJHbp
CoWRwH9WYxgXH2bokGhEqdYWGXfFPjoxbhYzj6nHe556RhZzgny4
CoWWxn2cTGmucRJgURNcNQRE3pmfirB9mcQdk31Fhkyhi97jP4Mw
CoVexErSYGztQnLDrPFvXeEZeb6qbXpYFwU7gBXqw8RmzEiXzAJB
CoVcVqubGED6YBwf3XKFJ7At3MSmhxf9xdLoG6j6fjErXE8r8QdT
CoVnf66QbLUoiyPzUiJCSALh5xE9yKfrtZxn8gLHRJ54wQr3iVSt
CoWLkqoVTqd7dXdX8mQNmJCf5Ut1cGcbPzVmXDThqjCpRkmagAGS
CoWWCmWvQPYbDCAtZ6sQSovPYEHkGrayvS1mp73xT53BoRCKu8Bc
CoVEzdSnQC5iKxV61N3hWhB77C9ahsfJAaCqEDs6Py8VZdsLMJd8
CoVEysFuJoxkqgHBnE3YNbFgxzc83o2mLa5CKAPWS2t3VyjjMKjo
CoVTafJZmzQN3JS8LpbQedUofMxcRzh4Baynfn6R7WVaYRbAk7GF
CoVWoZJ9rtuY7F88z5gXneYStNNHrH5Sxq7ByYmPvGLQwvuVvL4V
CoVU3vtw7zi52szBebF3qHVrWkeTmm3xsP1Q2xf55UfX8aWpPRiS
CoVzeuiFEkEjTxXjSw7TGojBhTXxmkaT8PbchSuXtwA5745LHC2A
CoVbTAKyFcLCqms2iAw8Eq2obpHbohuay9hZtxWNXngwVG1nqPoj
CoVKbvZRHRcTCxpWcCpADTWmXFtaav7HW72NKT94FDgEJMmGoN9Q
CoWD3hLREmuZhYmMeHbxgAetJEtUu64yJCpBgojTSi4pagp2JPbL
CoWNcDABrWSFJrd1UoG3XnAMAXxqsQoHzjVWXVwTNoZY8Xf4AwxK
CoUfzFbkS4QciNAFo2dv2wBE5dJbKQAEves8vx3yvPgwuonxtAiv
CoWXXV6ec1suyanTyaaL5BC8VCC1ML3fniwkDxFWS4jQVPCGggHU
CoUrPceqNYcrRaDyY3ttcX7dHLYHoMXqXL6g8Fzs7E93WduAQEMt
CoVyr28wu8zrWeZtTDGT9wUiUPb8GPQBeaZJ8XUJRh5MjztCAquV
CoWLN8Tjnnq3PeTFXvEayfT5YVVYPqMEnUCmcLDQaKXqaLVeqckj
CoW493gSW4GBVnnpkNrSRTjxkqr1HLkpo7jAiAUorPP7nGXxMPj3
CoV5CP7QPQCCyy6ZGF7f8FzQ88HK5MrBeUJpmX6RnRUCxshUPPix
CoVp3UiaHAFGdGmkwCse5iujm5HUXc6c4RBhKDtSMZqboZyesMgo
CoVv9vz6ZAkNjp8hPJBi9eLB3C8BKxhAc2sLT5jYTPxGdBJWbtVC
CoVS5Z1N43CjzrTwETLhRwDc9ujvVnRjypEXrkUdjf33KL56xKeE
CoWGpovN3nrPMcQivKQmkn24UC8uNdkF1Hs22HPZQa3noMi8sMJq
CoVfmumfZy3fED8eAAjDGxLgQ7g7YwyD6pR3sbkJbFZmcGq8CvVv
CoWMpuw4toTXuVz1j1tqzYr23qAg1EeZ5J26qw3YRyRkyWXnTgcu
CoVjuCEK1vY7dWUbUJizZyYBvRNKkdQFUDjnMSVVocA3ioEjCR3h
CoUmjcWcnRwLRgPpZaXAeaizCtMqVJ2LMoHdHPYjUAGi3SCjot7d
CoWFv499McARtdFoiwaQ3bicpkxiiDSaYK7fxiBUywkaajxDWBZ4
CoVPdgp3yfRJNV56QhDKoyPXdmFStfmSiPmNweCcJmb7vExTXqPE
CoVasvAd2KpPMX3notuPLpEZ9EkrpzjwRsipaNB9sFeeTnCSy9px
CoVRmUSEfccPnSjeyTUCCFfB9zKjRD321UKRAPAxZpvYDRAbzdkJ
CoWSLBiAWoZhjcTneBH4xFKEfUx4DYRWa8LR5CUyMmojRTPb9jUm
CoUfZCQUiKZxdf8Kdx9FyvXGbxYS88MQUyYH9v6H5KjR2uifvU9z
CoVdoN9qEhFsjqsCijxM5N7HLjh7XucAjEuWgEeX21S54SYzYHQu
CoWXtayuTaivgNuEJf3854PJRLeAZcCuMtV4Ma7mUTFJP9xz1vUi
CoVCt21y6oct2rLjxk57UND3uKQn2voaF2xUSXSBYzoP8g67LXYr
CoWNsTaL5pkf6nXSjwsMZQfC6EwKhGqQdcHsC3FWsgyuFFdzMnvK
CoVX5BmTzWgiSBFCeF7sjuLSVADbxxaFUmqcy3Q769od3Uexrc5J
CoVTmB87YuKyaRQ1bRbKXN4xLLQDEATxQ3ThioC5cpdfSTxqPChf
CoVbZrGuRaXWkaXgQCue6cdaT6Br6XuNXwQBqR2XDxXAr9BWrNcA
CoVMssDhNo21jSkSxyQzfhrcz7nJpxo1feuTUkqMpeUxvtWeJmD5
