CoVGDURTTBcM9yuXcRRBtHUucWQYwGWFonWn5hEJiNsugmTjcSQu
CoW5QoLFjuRZe3DmqhUcyPQJP3nXnMfYAt4wT936nNwZbzWZ6cEq
CoVniZXFwkJtaHn6L3czHazhajnyimJoe4zQTcvLa4jmnh9vZT29
CoUgGbJXdT8NZoTbQRXQTsU7HC3murRKfNzLKcZuTiQVzEFVtQ5x
CoV4aBkWxW7bRqc4zhL5TTQfNoiVw61f4Kdm4WuzRhKXNNDj7PBQ
CoVPfvi2h6FDT29yfrvphMPdXh6mmb1a39CVVWRpDMosw22ZzKc2
CoW9Z2Qmc7SfXywQ9v7UYhzccaHcRTkU2PnFGUSCF1oRbysUnypo
CoVtZpZagGjzdbEbbjThTt2ELFPgVu3FTPSQooBjEZwr5NX8i4ci
CoVDsRnm8Zfzw36YFZZ7UoXLEL8DM2CAnjTo4TzfhxS46JRZUekw
CoVWjztnhz1zRJ6WpPopKvs4rA77JqiMC61GjpU7bbYb8oNjZZko
CoVpfjL16niUPZjdNk4XBN7aWkt6hdKVvPyWtQwMgL2cMP4AkrhY
CoVgCi5nHS9hhCbtPcnyygPFdx8QEv3UxbxyPiFBwvbwsHtGYPVS
CoVsWRvhoi3SJk3q8BRz6E8ELHNW7nXhMf2RWgRb6LxZSUC8FYij
CoV4Eh5WbZrAzNVQVhY4cBMZojpYqrejjxPUdjf4R39r4aoqEcjs
CoVEDuiAffUmqXwwXqn7FiK6yoT4soJQeLLSToBvMHRtQRzDncPD
CoWAma4Jk5bMxCrtcH4DFqNiWHrFWxo78mf2He5a1UaUpxJFYNBH
CoWWWNWurPkYeWs6qpJLM4jNgNF8RU7GzkyGuxVFnrUQkjZBLtht
CoVVNvfGivy8jDnGH4XBuZMaKZsra4dJ5NXt3G7vnViHAmcYE8u3
CoVCyPVhPKxvEWJvB2z4V7wgJdxA5i7gP41t7ERatYmr7NmXRdrK
CoUy5MbNf2aKyCELVVNxj5DoHT9PaxWvSdYKTtDoWUuCPxB6Codv
CoVQFEcPC32mZnk8nUj4d2RToip5792gtRVXJ53KTdYmHKkwUx4G
CoW7CLtSKfC4ZDvMcUpbnx19vDsvuyBm9ZDAuRAK95EGv91MSmZx
CoVrT8wev1Fzsf8urb262KKr5v5rVWhEcKFBneKmqAQrbGapiE1X
CoUoRPS5FroiNH3vhrpWzmNbgW3RpueZVmSb4xjL2u2WNUydt6fD
CoVip22sZo5CicgAKFUJiHJVTjhApYcVYkwvDjgCjV6MLoAWqB5h
CoVpN18BTerqcdzsAZizRsD895b9FkN1Tb57MYJsZWu6o9PrjZiA
CoVAiLZWCf1q8N7obwbuecWEfYGgVsjVh1C5A29hPneB9i8Torv2
CoUrZWNJMhpFJXH6EvZh1HmpX8FutYPhF2Z46zgzscjCanpWmBZ9
CoW7meDL9p7uDeQZpFov5fVsHeinBhD9Xrrt6w2p5KSMQaMHBHYn
CoVRAeGi6PYQS4sABANU97GarKJcB4zjombjRR2L3B6tYV6ddGMH
CoVA1PDa2xcFjpWahQjjcR8SDmh3zznJzXG85CYiAtMGCGypZ9dv
CoVgZdipoqfHkM1maTbpwKqfMPXtJrY7jp89BKExWsLzZemnc8cW
CoV5JRXQm8sqQ6VXEt8ccbTZRgiyG5kNKfE1h4cqcPEmL91pguxY
CoVtMjZxgMo2QAniZhncq9832T6ZuokQi74xXhVmXEC2wLPUQT94
CoVr2BUY1fvNrCto22Wzmtq8d6BNVLtGSj3JEZKmdzoeoyrNb6S4
CoVgCXZaj2f1XAicj5qw8csmjzXc9QAW2x1dM1iwJCbXuBRrwKzK
CoVPi6gsGzXPpQuPJgMyTLbaKy3P9TpSiwA5sNez9LEtmsR4Um2i
CoWHzKnNWZfkWMFPrdSAcyRVGfJaEU4ASmDM1cPaXY1S2E4C2nkZ
CoW7wkfLto2ipZWv8ViyQiLi8ytsQC7CpG1aWpuuVVQyhLMWHtuc
CoW4jkv4hYyr6fFFrv7Tkr51Pt77r6iH66izWXGW59fr53JqjSFc
CoWS99Up8tfMvz847CWttmJQzhEYv6LMTQZm6w3MFXGP4aqQAfbV
CoVB4DpJmypDShs7KYuaiQdUMxVHNSSRyrfMStWWNUEUsZdn3G8E
CoUiPZeCyqeNT5YypWxoUtjHRiGvpdCi2zjFPxC3g4fWja3ep3Zo
CoWPoGm3JaRCEGdztYBrfNt82dy7ZMrWvid8FEXWaS9mAKBN2Zde
CoVfCXJAj3iNU8kYnNrvuJMkaxUKxvRLm78KgNsJU2W218takcMN
CoVpdyLaB9dpw7nXqDocKZ7yQxd9tDZUY3FLW6SFtFTwtwWdyzTv
CoUnjsELgNncASSqSmrKqJUPo6Jj3WtVRkkJ22CXG8piafYQQPzi
CoW2eJHHanp13WkaJbQ2Jw28uDhqWdRtxRTMWT9odsGLNN5J9gKw
CoWGkgx9P5uhqUcTToMnKgUyzd35AqT2KtunF3ia1V5Z88zu9nCb
CoUmsneLYgwtGcJjNHiCERbpiAFdroyxicqsGRHysvQoG2fe4uXW
CoWHifTyk2XtedhNHuaFT3jc5ezbTeWZcY5SpA4fgcnaDGcCiWZr
CoV4cABrTL2EPgc5scwcSrtEQS8EMbgqCu8BgjaPWPaZHrhVtQbv
CoVr5W7anpFEA1qQn5pp9KggC7aVJjKK7E4pYmjrab7ogxiMoFuG
CoUvF6RHDTq6XTWRqExUCVnFFZo4fggLJtd22n8RhcwUgmEYGWbV
CoVjauLBuUivraTraQJyxt5gvw5zhRNsjopcsHEmVtFdNhPoSrRp
CoWZSijmc2hzMTiyGKHmVEyBSjn5rB3enpneJUDcUmdnGMMxw9UT
CoUt16R68b1PeezpPvXBaMe97yvdDKsW923s1JJFw5Zkw2pw7X82
CoUntqGYxbr8wGyuTrLxW35geUMzY6NgdjTYDSH6cRxkbyLoiXPP
CoUjsfEW4EDZn3vnMggmYfbQVTxL48454jSCyrTX13d13FU8vE2F
CoVg3biZg75CJfQfwQbpgq4wYJafvqc7QVbcF1fQsuadrEf7REBh
CoVABYgELe7oP6t4zLXtmY8VMtr2yXXArAfor5dxfX3kmEJUUT4N
CoVAR1V58Z81oiDvWe8QaWYf7Yy7ZKjbsSaQG9nZETxeisHhhAfz
CoVd7hiHvtXNfSUMQkiRdzaSnqpjYYW14c4UsDofm9cbyjnehThD
CoV6WeVuHd3BYZeDFaBigMVF5A9NvDzucBwVw94PbMGvLsYFRVuh
CoVG8ZWVPa2bdz4rwLxEU8F9yA2DbCFkTPCFkhaXgNA3xs1sdVon
CoVdqUqq9naQZ6HA5uQwiPWpSBe9g3pg6RbVsmEfGx5snEauTnTW
CoW4gn8RQrSmnQD4fuJgwUarP8sv9G5MrYBj2GEw2bKciuTNBZnV
CoV4KZz2d7KEPcGQr8YSeXFqzN2q97quvMPhwrVwpwjwY7yby85t
CoVqY2Z2AMGPBR6ZEM6JEH5wjw36zQLGoDubRVpy5ifrWbxh6KGL
CoVrA7wetcv8c7GGD8pgrtXtT38Taci37vLiptd56CqjH8wHaGUf
CoVdfYNMBta94DF1qJVNyAGU5wFKgVzGWH5XXMAbhrKC8vryEkiK
CoVoYYymFsH4ECavTeNFC1abiwLERmVGMnbZfNyLkc956naVV7kL
CoVW1oMn9HtZWyBPvqfemruCo3eh4EMp2aNPRwyu1dpG5hRKWmCi
CoVmY3diednkfYrYANmAqghpTgVHd3KhsXGRja7rzzAPs1jpVGyM
CoVLYNrAb3sbLCjcBSf2X4E5Tn9RxNJcPjhyjHjyKTQas45tWPDg
CoUs9h1ccoaUCbhZS5x8nSob1cpWVgs583wB85NBgy6es9pyBqsr
CoVJxE7gKrUAtoHrGsJcScJigxkugSFaZMgyPYGuLotEBUXgbLDc
CoW4SteaivyAy67QYTQmmVQinQFeGdHZoTVqgdiDKDWAe4SU7X56
CoVzy3ijq7iiE6oSMDmXdemHRUWMQZCfM4b9He5QqCvgSuhUeEdr
CoVopwPBqvzJiG5QdupYbkxxk713hQ9Y76RyEKcPH3Dg4EtZURwF
CoV1NuYHSSjhpkDwo17MRWKpPWrLAZxGmFxrQBi35CMsKYqZVXDZ
CoVv9N6QRKmARCRmkcmzsCfbkr9Yx7bEMzjQbvav8gzUGVhADRT2
CoVah25UsvvBcHPQ7TR2wwVu5Bp4bVe1ad91KWvjhjkPVWxAUDT8
CoUkbQUfevoGVt3FNnZEUwPw2J9vpCjfjQMvwvoQyn6QZ4Rko6Qe
CoVfcJjpdvaT42tf8JFVHQTbTdDWL9yYmrH6H2WMvbF4kYvQv5DF
CoV2kmARff5xWVJd7ocjGS8vrK7RbLbqP7Ge7396y7wpWwRvXmns
CoVvVjV5MMpUNnUqmK5LJHL3GVekPT7ThHaZagphndN4bFfJgetr
CoUk1PMuYANTSMbDsznjp1UW3MUPo8mfHzWdtkCw3tZRjjDjUFdp
CoVQF3Tf3wqRTgcEk1di1wAkFbpRPgmrbRXKautEBW5i6W84Jy4s
CoW7dC4BPaJ2He3prFAjFNrvKtdgmMCvWe4smg8EwEF9A7k43K1g
CoUrfqvPHyMgRYKDjw2nDM5QC89dbvDdMo2VJyWrevQwyNFifSCW
CoVcrsHw1cPGVbw8ZCtwB4XWMaGTqjARqd2RsiBobNFVRJveHXMQ
CoW3vYhYfoeywHqxvtU8X4accpUekRMA3B1vqXjMRSFZCSq45AGE
CoW5Udjxxo9Ze2Xva2DmSfSQwxMztUWywdSQ5JmfvbmFZpxVth5p
CoW2JL9gP8WpwQtrKzbhHJSoeQqRcfkMrDmdskjSoHDPY4LsXRRY
CoVq1FLYWJ5AskMD9fTtyDfbPRTKrZgX8VYAsJUDkPg53j1TSLay
CoVAoHTxRBnAGrGz3bG2CYiSv2Qi25QcnT3euhsStxFJ3vmEyuUq
CoWH9aiQQP4RiWbeypPYz9FZVwwQo4MhNaHDsFj8HnZRRfs5HmYv
CoWBnTBYY6cH3wDDEyxdpZNENfoAT5qfbSHHqduBCRSa32i9SnoN
CoUwsavCippSuRSskG1jTV2SjNPj1KBXpjtVAre8hhKhprpRHjLQ
CoWMDYQfgu7r9zwjea2E1LpqkidARziCUUCzPRJEoJ4NxUMEk7QE
CoVi5EtMhpmxdPbnb58fiG3C5PSBEqyaBae36HEtinPrjkTMSRPf
CoUsk9SRrpVTTLbssWBveaxLZU5V4GwNhhZRspsPGvre7DftwKCL
CoUfDc9gSLjEwgmTu9y9UhjvHWzvBXvdYZ4TwuwNYfQeheJ3aY5X
CoVopvRqYzJAKfPYdEs6Wfwa8aS1siJ8cNfdUDuDQPh9yg2xM8L9
CoUpNk9sswSFKgj6HvEWa7A61iovhSFzRii4Wbnj58ZymRrqFuHs
CoWPQFWr71SCuvvAQwVBopJk4FpVrBcDPTo5Acf3hvk17Urx2UyR
CoVY3AtVVkoKUQah3MnYkRFtJuJFdfdXXCEFSf36emWqR3RVSsy2
CoV9NmUUv5dPie27pZnjUBYft6RPgnXLTJARhKEHYoRwHjr4V8dm
