CoWXH2g3DbJLDLAEj2yJsecaqn3zo7W2mt1UqZxrNVNkXVVLhfkZ
CoW8CpQdPyFR8pjdKevvtsirTREcFsc5t9drmSH8kpFQE3gXfQLS
CoVQTEfFfVmdawPdcvCXKVKbP82Z6eLhpT7uoLJU1Gp5No8JMdCB
CoVN2npvsyhdTSNn75b1JMni1C3VvXpoVgKcjDYqvfdbP7335rmb
CoWYQ7E4vTjNtc2SPzVRCsAizgy9nbY71ZxSnNFU5USsV4bZegAP
CoVQc8fNeUQ1CYa73m8fdbzTLPDMTCdYCUXE5L8ZfKdfVuoAcZMk
CoWLiv8sVcWDazRzXe1RvMBrFQtyEQGXvvZap9ikGQdN6k7RAS1L
CoVXqYwbdCHS41UmdPQWbn1mxMkimxe4rYLHX2QQaGBbaCy5uPwK
CoVALVaavzEP7JdRHbB9knTL4wSUeyBBM61H61utK6ji5DRe8esj
CoWFnDiqM9omXPnGSbzGt4SXyAdnCjpAp9KAJSSuaXpw6zvcZHGi
CoV4s2Npr9A4gkt8XmVxwejD3X36tmg4WXBPq1445oRjrq5gWQMj
CoV66kHdmJybQPb5JgeUBX9eTd74qWjm6ob54LPvYm9z6zMzXicn
CoVurTxAQeSMpgsZLNrPoZPDRMEMFVk7Xui47MHB56GonMriVXTZ
CoVjnsA1543fyFxMEcAMhXMw2aWMHhcNDaaNnx6hW2SiPpxpsiHe
CoVQyiaogNU4HVd1pXsZF8CYVx3hzS9FgAJNJnAANepCCmeYGJC5
CoUvxqEBQxpdGUXQLyi7sxFgJ3hpsptjZJbAfy6GzYckaQcv7Tuf
CoVxbTZY4Ti3J1LykFVRwWTzqCeesNrGThcqwp5CVdFr78Em5zfz
CoUxwhhUjQJP4kWtCFZxE7H4ay58gaLKT6UJF2AbbdkrvhN8JXX3
CoWZDSdq9wDMZHuNpYFPu6LgVovFy1mMHKBypEzkFTVPE2AWjcrM
CoVRLo7PE4HbcbNUHvEyPtrwjcZeCCnc5pZXuVhtQ3NRsCq7myqm
CoV2q5fH4fC1Re2S3ovJPwoShwuDAGwAh1RxW5KkbkdJscv49qvB
CoWDQVidhoKLGaJxS1YEtnrszat5RB32N2SqwuQvtgzatis46a8G
CoWaWrh3f8swQ8KPhNtpnGr8yRJXBUzVe7QnJKGQtJzc19oQiFr1
CoW5vRxC7daXtTwDyxXSCQyPMybXrQpB4pYwizxHiiC2kXwTBkaD
CoWVCe1AycQQjHzxWjw6DCcwuK5it3cdizyms6aPLqzj6KhFZM3d
CoWL45SP241dE3mk7P4b7xMYhCfFWeqmJ9bFHvCwA6xDhs8YW8bJ
CoWL18g2i9W7MMVSm43ouj47Nu4tpY4KiP1CQKBFvgSDSTcceweM
CoWGJiteSCQRqFpmMEqPu7nwkrmxEiDtLkbRmdyBN23bdyQvwvZx
CoWDEJw2mup8CmyLx4Dcz9SLUsSfNmoarECxva24WzENncfHemQN
CoV8z1utEbhavMaDFgp3gBADDQgPR5RbKitFodoEUJnCuHFGwcZv
CoV3mmNJf1FvxNQkzbRvJapM54FEZMHeNC5HNPMsJUE5EFZNdYu2
CoUuk7VLAnQ2Yqee5KnWUHXeHNtGyDk73Go7PjwCfqJSu6Lm8jKD
CoVBVTH41UVWNAGTQxCuHdDT8TGW2zBzaw9Vfz1ktfNPDzopYTCg
CoUhJ5Wbm2p4zS7rCNzKyvs8ZkTZ6z97qEzHfA4WLsdZxyWL584Y
CoUx64q6V2fq86w6A58kMCSQV7UzNKUiU2sXCCzp7NppiTCpdByF
CoW76eCaRzkXLmsaZExZBaD5ssAjAdWo6UxkBgHyVKk7oqZRRrS7
CoVZYUz3qFYEP1sdNzWwdgZmXXyDGMQUwp2JofeFCmzYN2DGCJR5
CoUtjcXMPp9U5xECXr1xEgmmVi2EA4so4mr3LjX7qqk7p1UpeRCB
CoUkd97fRYsZZ1SZ5qrCjXZs4FyuyMzD7h58CVjof7pzeezdK5Ke
CoV8uxsQGDUAtHVu3fLqMAKxKKc5JrBU6zFcL62EjybZQDhgsVYi
CoVw2crMd7QebjtS4vsnBmkfuR1tQPw4cJmKu2nfdyCwmnn3iE5V
CoVzRdxPgrKjjkXAyZ6FnFdTy5UzpAYCRtUnMZGoQoVfsCY8gmfc
CoVLj5JhrfiLEz31Uc3qEDUjinWwshxcSG5VLRdpphZkJLGLPWKd
CoWMMNCpWn7CC7hwr6DfFMb9U5x3txoyTeiPyvubsTdBNdr6CypN
CoWGgPgKo9pX7tADrLXnHMhMyniwmebNQ9ToMfYoWQQSydY1uBJn
CoWLRDwSPftPwCh844FwD79hUPB3sMvJR2kNbQZH46JSpn9xMdbz
CoVpMcbyixFZXZWt1oAmL7TyHg1srroSfquTxcsBjkSMd9fFfxAT
CoVBZvKJDjnwtiTTLG8JkyvJ2pvLqUs9rxkFS87GZBEkapdF9sap
CoWX94PpCEmuaCGpqwYahuwgKfLFoTzCV5xHjXHAbn7tyrTkEstA
CoUh3Vcakmr9mxi7tN5iru6A3JqW7LYXqCjQPuvVnxRntY2jARQ3
CoWCZzWdfwyUmPeka9GBpeWRCcww4pwXa5U2XRXVxnGdRrQhbXSK
CoUurWBow2ebHiLPpydskRyPBuA5o58dUCweoDpzrsvWu27GwKH7
CoVHtzQtR7UMS8yti2Snh2zVjwLSk4c2LDxx5MbcmgX7hNQ3bb7D
CoVFdEsJJWz77Pv79aCjeVDZeebKv2aR5CnkH5t9Sg397BpqLMRm
CoUoAHAGeU66ZfipTR3GtABr8pEXptsgakNC8QWUiw6tFvbLEZ6u
CoVPhzCMjiLro6PuTHy7jMa9xsg4fJGVKiH4hh5x9uQwgzcBCLMa
CoVDWVrNr4QkeUVvwduhktQ8V6ju14aCdP5FaL9pHNXHz5qbGTza
CoVzthMnMHgyfJVr8GAHGdJpVn1zcrdv5dUiTn66BidzHKULcRVK
CoVYv4PREcvTNiGbZPTq4JqcHjzujM451wPiYChw9geFdA7XweYD
CoVddsxDjWKrbbXGcRaqJPLDMau6vB844zWBgE8GgoF22i2RLCRb
CoVVXoLqRxYmwqijX2d2tnu2thzGfFQS4TNjUk4GRXvbT8njdU9W
CoVWpgQ1CKf7jEZN1QkfN2fjGfcDh1jQeYKBp7tyi1Lu6fbpYx8a
CoUeW7SMhgXc2MeybktGnCYCnfrq3UdChz5GrQz8H7bHBXvD3AXo
CoVBeGyKaPeu9fGZa8dqMEXbejEUZw1gBxgjJK1zgNzCDerE55A8
CoVK8muvFtMqqNiDuseSkpu7LkGf2T9uAwndAa7ukrJRsNCfk8Eo
CoUkwUJDSM4AN4zYF1F982LLgR17f245Qh9P3CbWNkDvDGPeXP6E
CoVpe3EE7tzTLqi2otQoSkQmXX7DFYsdttjaL6zKD4ap2z9yky1X
CoVtvYWBLn4CbsxNxUDTCL1Fe9SjahUyXFYcoLEGgg4oMjiwStbK
CoV2ZVAc8v1C1ziVmdvqDFfotKBPqNFAxi7ruiwiJydNJRGvgLGz
CoUjV3ikbQ8oxn57tHL7T2YWPSdsz1mF1Q7XW5bZ953eajZpMFB7
CoV8CJPKrDJYd2SWwg5mBwUbhrundjC9xqeGv3ShZZyN51GkmsoD
CoVfS72hNJBbs3EPpjn9NSLyV8zpNefoCo5BPiLa84Gck2tUiv4M
CoVPESgxGg9s5bpnPe3aFY7gjB28MptMcfwFQsryqtaEBGYKGChf
CoVghqCeZgd6Vxv3yMHJeC1GYuf5ejeE8RvpiD6SCzCawrb9P6Tk
CoV95q3racd6BVvJiSwJQG4vMEC4LqFXw1tP2iARUa2AikNu9WqY
CoVCTHgG9FEjQd1R9y1Z6XCbs767DkwnsaQFtEFJmQEjMRtLkNVY
CoVo6yYa2phh6yiogibLMpEvwy878dmTXG5EKvgrWT136woAmmMy
CoWJ4WSu6ijdBQFbaY86V8q46vSA5sPAgeEvUpenyfRc25qndmjh
CoWPinKcA98jmvBReeBR8td1GE23HcUM1mcifRJnxJBt4fqzv4RL
CoVo1sebaEazfJEboNYkce6K4rCU1B7k4n39DDMt6UBXHxMAQx5o
CoWJaXypq9stHSW5XuuvJb29Vj6oYM9WhNchh7NpLHNiFe3mXUGA
CoVW1qPf5G6z4mD98j5pFnnLeT1ZVF8Ku77cBB1gQ2koyGkDubTC
CoUenPJc8PN7MvgGv9LGaq1eBQG1fbMmjjC9UFSXxDWYVBYyMyRL
CoVx9gGJvzAc8Jb5f18HH4w4Ry7vpnGG9FkAuqrTJDTbuRGjFDns
CoVE2huHAKDQnpkDvMw1veqFqDNZHidqxzq73G2mM1oAFNF3eK9w
CoWFP8qtyHjUwPm6T8B1r3NAnpyfsqK5tdDnPXboW5vuHMm8UDcx
CoW2ZJkRfTNjMCnsykkXCH9pNFUYmpY2tziEcunFC6ihY5ZhBuQ3
CoUuypE4PuZqSMrtYCmgCan52KsUJ8kZ5LwXiWcz2fVVBkDJ611N
CoVnezFwPEiPaKNgC23L5gKNFjuHFGQvRdoffHnqxCP4uu814kdp
CoVieiLvAvyEeHBYdnLqe4yiaDwn8jzubhsC5RJbMrRRovx5yNx6
CoWawdnitjz6WU2Qhstjc6d3NdB95emeb7mkqhYz31D7Go3WKbv6
CoVi9AKjttmedS6YiejxXBwAZr5Mfqrj1A5sbtd1arBEFYMqgZxx
CoWQxnsdZF438Q4b32iPM7wwGXE5Pm65PziYXQQpyRfrYw9J7sDv
CoW8zoJ3uBRiGTvEA7kFwHNpPYKhcVhy91c2yK3AEQ9caFzMxumW
CoV6XMRhwFY9U4QJMV6ZpCcFmGTqCByHcYE7SGaGf4fZ6fcn8qkC
CoW5m8uUazvRJ3NizRLdNrqkRmK44p48omN2doBWoBZeedL8HFzw
CoVq43eXPavbHsi2psfBaSuNqfL7bcuCEcBLTzZ6WqvcsxJMufGX
CoV6iSz1VrZHgtUiSNTiMXhp6rKrcqqSBFjm7TgCmS3d2xGkiHAk
CoVQYwtqZNqzX6PehrHLFBv8rRJbxdSkWUBpQz7q6WiZLnM2Cdr7
CoV7yDEwTs6Aoijyq3yM4bNu1d25oJzx7D23pvU29vjffsYvTRzk
CoVRkPrriBZM7g1d1Fks7eLKa1GjAXqTh5o8PehPvubZu2AkFJQw
CoVVvAxh8BduhWVXTFbLN4643GkeFWe7d6Gboba46aCecM1EqcbP
CoUiLZ5UJ2nq4GJ9RGBfh8M5vb63bd3E47ezY1zD2UJV1umkinho
CoVvkB1tk7TJJZoD9EjTpWCzAtBtTidyMhmyzjVis3GpHx2QVzfY
CoV7CwwUGtefiwkB5m5Ma74C2XXJgR87hBHpVaNfA2qhYsanTwUD
CoUnRRyaKAw5GDGhbo9t8pRLyC1nJBC1RfeF44cdAgBmSktkEZ6j
CoWFgeUKew44zLqy2vd48NAKtqxFvSSPYZqVB9gppnrsd96MiYmn
CoVPgfYf3bFLpnch8YLjn5Efcm91LySTiTsAhtepoTY7xPmDEDU8
CoVjUSNmFfPyXNszxHZV6ZeTEhLNoWbazMCkhC96TpyfDhMeFjPM
